8:37:04 AM [vite] hmr invalidate /src/components/CommandPalette.tsx Could not Fast Refresh ("matchScore" export is incompatible). Learn more at https://github.com/vitejs/vite-plugin-react/tree/main/packages/plugin-react#consistent-components-exports
8:37:04 AM [vite] hmr update /src/components/Layout.tsx
8:37:04 AM [vite] hmr invalidate /src/pages/reports/listParts.tsx Could not Fast Refresh ("loadCollapsed" export is incompatible). Learn more at https://github.com/vitejs/vite-plugin-react/tree/main/packages/plugin-react#consistent-components-exports
8:37:04 AM [vite] hmr update /src/pages/Reports.tsx
8:37:04 AM [vite] hmr invalidate /src/components/report/GeoMatchCheck.tsx Could not Fast Refresh ("useGeoMatch" export is incompatible). Learn more at https://github.com/vitejs/vite-plugin-react/tree/main/packages/plugin-react#consistent-components-exports
8:37:04 AM [vite] hmr update /src/pages/ReportBuilder.tsx, /src/components/report/WidgetConfigPanel.tsx
8:37:04 AM [vite] hmr invalidate /src/components/report/WidgetRenderer.tsx Could not Fast Refresh ("SKIN_OPTIONS" export is incompatible). Learn more at https://github.com/vitejs/vite-plugin-react/tree/main/packages/plugin-react#consistent-components-exports
8:37:04 AM [vite] hmr update /src/pages/ReportBuilder.tsx, /src/components/report/SuggestionsPane.tsx
8:37:04 AM [vite] hmr invalidate /src/components/report/SuggestionsPane.tsx Could not Fast Refresh ("suggestWidgets" export is incompatible). Learn more at https://github.com/vitejs/vite-plugin-react/tree/main/packages/plugin-react#consistent-components-exports
8:37:04 AM [vite] hmr update /src/pages/ReportBuilder.tsx
8:37:04 AM [vite] hmr invalidate /src/components/report/ViewerKit.tsx Could not Fast Refresh ("VIEW_AS_FAMILY" export is incompatible). Learn more at https://github.com/vitejs/vite-plugin-react/tree/main/packages/plugin-react#consistent-components-exports
8:37:04 AM [vite] hmr update /src/pages/ReportBuilder.tsx, /src/components/report/WidgetRenderer.tsx
8:37:04 AM [vite] hmr invalidate /src/components/report/ReviewPane.tsx Could not Fast Refresh ("reviewReport" export is incompatible). Learn more at https://github.com/vitejs/vite-plugin-react/tree/main/packages/plugin-react#consistent-components-exports
8:37:04 AM [vite] hmr update /src/pages/ReportBuilder.tsx
8:37:04 AM [vite] hmr invalidate /src/components/report/PrepStepsPanel.tsx Could not Fast Refresh ("describeStep" export is incompatible). Learn more at https://github.com/vitejs/vite-plugin-react/tree/main/packages/plugin-react#consistent-components-exports
8:37:04 AM [vite] hmr update /src/components/report/DataView.tsx
8:37:04 AM [vite] hmr invalidate /src/components/report/ModelSettings.tsx Could not Fast Refresh ("modelOptsConfig" export is incompatible). Learn more at https://github.com/vitejs/vite-plugin-react/tree/main/packages/plugin-react#consistent-components-exports
8:37:04 AM [vite] hmr update /src/components/report/WidgetConfigPanel.tsx
8:37:04 AM [vite] hmr invalidate /src/components/report/geo/MapFrame.tsx Could not Fast Refresh ("MAP_WRAP_STYLE" export is incompatible). Learn more at https://github.com/vitejs/vite-plugin-react/tree/main/packages/plugin-react#consistent-components-exports
8:37:04 AM [vite] hmr update /src/components/report/chartRenderers/GeoContourRenderer.tsx, /src/components/report/chartRenderers/GeoPointMapRenderer.tsx, /src/components/report/chartRenderers/GeoChoroplethRenderer.tsx, /src/components/report/chartRenderers/GeoLineClusterRenderer.tsx, /src/components/report/chartRenderers/GeoPieLayerRenderer.tsx, /src/components/report/chartRenderers/GeoLayerStackRenderer.tsx, /src/components/report/chartRenderers/GeoNetworkRenderer.tsx
8:37:04 AM [vite] hmr invalidate /src/components/report/WidgetRenderer.tsx Could not Fast Refresh ("SKIN_OPTIONS" export is incompatible). Learn more at https://github.com/vitejs/vite-plugin-react/tree/main/packages/plugin-react#consistent-components-exports
8:37:04 AM [vite] hmr update /src/pages/ReportBuilder.tsx, /src/components/report/SuggestionsPane.tsx
8:37:04 AM [vite] hmr invalidate /src/components/report/SuggestionsPane.tsx Could not Fast Refresh ("suggestWidgets" export is incompatible). Learn more at https://github.com/vitejs/vite-plugin-react/tree/main/packages/plugin-react#consistent-components-exports
8:37:04 AM [vite] hmr update /src/pages/ReportBuilder.tsx
8:37:09 AM [vite] hmr invalidate /src/components/report/chartRenderers/GeoPointMapRenderer.tsx Could not Fast Refresh ("markersWithin" export is incompatible). Learn more at https://github.com/vitejs/vite-plugin-react/tree/main/packages/plugin-react#consistent-components-exports
8:37:09 AM [vite] hmr update /src/components/report/chartRenderers/index.tsx
8:37:09 AM [vite] hmr invalidate /src/pages/ask/DataPicker.tsx Could not Fast Refresh ("pushRecent" export is incompatible). Learn more at https://github.com/vitejs/vite-plugin-react/tree/main/packages/plugin-react#consistent-components-exports
8:37:09 AM [vite] hmr update /src/pages/AskAI.tsx
8:37:09 AM [vite] hmr invalidate /src/components/report/SuggestionsPane.tsx Could not Fast Refresh ("suggestWidgets" export is incompatible). Learn more at https://github.com/vitejs/vite-plugin-react/tree/main/packages/plugin-react#consistent-components-exports
8:37:09 AM [vite] hmr update /src/pages/ReportBuilder.tsx
8:37:09 AM [vite] hmr invalidate /src/components/report/WidgetRenderer.tsx Could not Fast Refresh ("SKIN_OPTIONS" export is incompatible). Learn more at https://github.com/vitejs/vite-plugin-react/tree/main/packages/plugin-react#consistent-components-exports
8:37:09 AM [vite] hmr update /src/pages/ReportBuilder.tsx, /src/components/report/SuggestionsPane.tsx
8:37:09 AM [vite] hmr invalidate /src/components/report/SuggestionsPane.tsx Could not Fast Refresh ("suggestWidgets" export is incompatible). Learn more at https://github.com/vitejs/vite-plugin-react/tree/main/packages/plugin-react#consistent-components-exports
8:37:09 AM [vite] hmr update /src/pages/ReportBuilder.tsx
8:37:09 AM [vite] hmr invalidate /src/components/report/chartRenderers/index.tsx Could not Fast Refresh ("CHART_RENDERERS" export is incompatible). Learn more at https://github.com/vitejs/vite-plugin-react/tree/main/packages/plugin-react#consistent-components-exports
8:37:09 AM [vite] hmr update /src/components/report/WidgetBody.tsx
8:37:09 AM [vite] hmr invalidate /src/components/report/SuggestionsPane.tsx Could not Fast Refresh ("suggestWidgets" export is incompatible). Learn more at https://github.com/vitejs/vite-plugin-react/tree/main/packages/plugin-react#consistent-components-exports
8:37:09 AM [vite] hmr update /src/pages/ReportBuilder.tsx
8:37:09 AM [vite] hmr invalidate /src/components/report/WidgetBody.tsx Could not Fast Refresh ("fitFigureSize" export is incompatible). Learn more at https://github.com/vitejs/vite-plugin-react/tree/main/packages/plugin-react#consistent-components-exports
8:37:09 AM [vite] hmr update /src/components/report/WidgetRenderer.tsx
8:37:09 AM [vite] hmr invalidate /src/components/report/WidgetRenderer.tsx Could not Fast Refresh ("SKIN_OPTIONS" export is incompatible). Learn more at https://github.com/vitejs/vite-plugin-react/tree/main/packages/plugin-react#consistent-components-exports
8:37:09 AM [vite] hmr update /src/pages/ReportBuilder.tsx, /src/components/report/SuggestionsPane.tsx
8:37:09 AM [vite] hmr invalidate /src/components/report/SuggestionsPane.tsx Could not Fast Refresh ("suggestWidgets" export is incompatible). Learn more at https://github.com/vitejs/vite-plugin-react/tree/main/packages/plugin-react#consistent-components-exports
8:37:09 AM [vite] hmr update /src/pages/ReportBuilder.tsx
9:24:24 AM [vite] hmr update /src/App.tsx, /src/components/Layout.tsx, /src/pages/Login.tsx, /src/pages/NotFound.tsx, /src/pages/Dashboard.tsx, /src/pages/Upload.tsx, /src/pages/Reports.tsx, /src/components/TopBar.tsx, /src/components/CommandPalette.tsx, /src/components/LanguageSwitcher.tsx, /src/components/ui/BulkBar.tsx, /src/components/NotificationsBell.tsx, /src/pages/Home.tsx, /src/pages/ReportBuilder.tsx, /src/components/report/HierarchyTree.tsx, /src/components/report/FilterBar.tsx, /src/components/report/CalcColumnsPanel.tsx, /src/components/report/PagePropertiesPanel.tsx, /src/components/report/StatusBar.tsx, /src/components/report/ChartGallery.tsx, /src/components/report/SubscribeButton.tsx, /src/components/report/CustomFunctionsPanel.tsx, /src/components/report/ExpandableGroup.tsx, /src/pages/Connections.tsx, /src/components/dataset/PredictionModelsPanel.tsx, /src/components/dataset/AlertsPanel.tsx, /src/components/StatisticsPanel.tsx, /src/components/NotebookSnippet.tsx, /src/components/DatasetSensitivity.tsx, /src/pages/AskAI.tsx, /src/components/auth/BrandIllustration.tsx, /src/pages/Lineage.tsx, /src/pages/InsightsHub.tsx, /src/pages/monitoring/MonitoringJobs.tsx, /src/pages/monitoring/MonitoringDeliveries.tsx, /src/pages/monitoring/MonitoringActivity.tsx, /src/pages/admin/AdminUsers.tsx, /src/pages/admin/AdminRoles.tsx, /src/pages/admin/AdminOrgUnits.tsx, /src/pages/admin/AdminRowSecurityRules.tsx, /src/pages/admin/AdminColumnSecurityRules.tsx, /src/pages/admin/AdminExportPolicy.tsx, /src/pages/admin/ApiKeys.tsx, /src/pages/admin/AdminCustomConnectors.tsx, /src/pages/admin/AdminSso.tsx, /src/pages/admin/AdminMaps.tsx, /src/pages/admin/AdminAudit.tsx, /src/pages/admin/PlatformOrgs.tsx, /src/components/chat/AddToDashboard.tsx, /src/components/chat/Composer.tsx, /src/components/chat/Pending.tsx, /src/pages/ask/HistoryPanel.tsx, /src/pages/ask/DataPicker.tsx, /src/components/report/CopilotChat.tsx, /src/components/report/ReleaseControl.tsx, /src/components/chat/ChatPane.tsx, /src/components/chat/ResultView.tsx, /src/components/chat/AnswerText.tsx, /src/pages/connections/SchemaBrowser.tsx, /src/components/jobs/ImportQueue.tsx, /src/components/jobs/ImportJobRow.tsx
9:24:24 AM [vite] hmr update /src/App.tsx, /src/components/Layout.tsx, /src/pages/Login.tsx, /src/pages/NotFound.tsx, /src/pages/Dashboard.tsx, /src/pages/Upload.tsx, /src/pages/Reports.tsx, /src/components/TopBar.tsx, /src/components/CommandPalette.tsx, /src/components/LanguageSwitcher.tsx, /src/components/ui/BulkBar.tsx, /src/components/NotificationsBell.tsx, /src/pages/Home.tsx, /src/pages/ReportBuilder.tsx, /src/components/report/HierarchyTree.tsx, /src/components/report/FilterBar.tsx, /src/components/report/CalcColumnsPanel.tsx, /src/components/report/PagePropertiesPanel.tsx, /src/components/report/StatusBar.tsx, /src/components/report/ChartGallery.tsx, /src/components/report/SubscribeButton.tsx, /src/components/report/CustomFunctionsPanel.tsx, /src/components/report/ExpandableGroup.tsx, /src/pages/Connections.tsx, /src/components/dataset/PredictionModelsPanel.tsx, /src/components/dataset/AlertsPanel.tsx, /src/components/StatisticsPanel.tsx, /src/components/NotebookSnippet.tsx, /src/components/DatasetSensitivity.tsx, /src/pages/AskAI.tsx, /src/components/auth/BrandIllustration.tsx, /src/pages/Lineage.tsx, /src/pages/InsightsHub.tsx, /src/pages/monitoring/MonitoringJobs.tsx, /src/pages/monitoring/MonitoringDeliveries.tsx, /src/pages/monitoring/MonitoringActivity.tsx, /src/pages/admin/AdminUsers.tsx, /src/pages/admin/AdminRoles.tsx, /src/pages/admin/AdminOrgUnits.tsx, /src/pages/admin/AdminRowSecurityRules.tsx, /src/pages/admin/AdminColumnSecurityRules.tsx, /src/pages/admin/AdminExportPolicy.tsx, /src/pages/admin/ApiKeys.tsx, /src/pages/admin/AdminCustomConnectors.tsx, /src/pages/admin/AdminSso.tsx, /src/pages/admin/AdminMaps.tsx, /src/pages/admin/AdminAudit.tsx, /src/pages/admin/PlatformOrgs.tsx, /src/components/chat/AddToDashboard.tsx, /src/components/chat/Composer.tsx, /src/components/chat/Pending.tsx, /src/pages/ask/HistoryPanel.tsx, /src/pages/ask/DataPicker.tsx, /src/components/report/CopilotChat.tsx, /src/components/report/ReleaseControl.tsx, /src/components/chat/ChatPane.tsx, /src/components/chat/ResultView.tsx, /src/components/chat/AnswerText.tsx, /src/pages/connections/SchemaBrowser.tsx, /src/components/jobs/ImportQueue.tsx, /src/components/jobs/ImportJobRow.tsx
9:24:24 AM [vite] hmr update /src/contexts/AuthContext.tsx, /src/pages/Login.tsx, /src/pages/Dashboard.tsx, /src/pages/Upload.tsx, /src/pages/Reports.tsx, /src/components/CommandPalette.tsx, /src/components/dataset/SuggestDashboardsDialog.tsx, /src/pages/reports/listParts.tsx, /src/components/NotificationsBell.tsx, /src/pages/Home.tsx, /src/pages/ReportBuilder.tsx, /src/components/report/HierarchyTree.tsx, /src/components/report/DataView.tsx, /src/components/report/GeoMatchCheck.tsx, /src/components/report/CalcColumnsPanel.tsx, /src/components/report/PagePropertiesPanel.tsx, /src/components/report/ColumnFormatsPanel.tsx, /src/components/report/WidgetRenderer.tsx, /src/components/report/TranslationsPane.tsx, /src/components/report/SuggestionsPane.tsx, /src/components/report/CommentsPane.tsx, /src/components/report/VersionHistoryPane.tsx, /src/components/report/CopilotChat.tsx, /src/components/report/InsightsPane.tsx, /src/components/report/AccessDialog.tsx, /src/components/report/SubscribeButton.tsx, /src/pages/reportBuilder/PageTemplateMenu.tsx, /src/components/report/ShareLinksDialog.tsx, /src/components/report/ModelView.tsx, /src/components/report/ExplainDialog.tsx, /src/pages/reportBuilder/BookmarksConnected.tsx, /src/components/report/ViewerKit.tsx, /src/components/report/OutlierDetailsDialog.tsx, /src/pages/reportBuilder/SchedulePanel.tsx, /src/components/report/ReviewPane.tsx, /src/components/report/DataViewsBar.tsx, /src/components/report/CustomFunctionsPanel.tsx, /src/components/report/PrepStepsPanel.tsx, /src/components/report/chartRenderers/GeoChoroplethRenderer.tsx, /src/components/report/chartRenderers/GeoLayerStackRenderer.tsx, /src/components/report/calcColumns/BuilderModal.tsx, /src/components/report/BookmarksPane.tsx, /src/components/chat/DashboardProposals.tsx, /src/components/report/BoundarySetPicker.tsx, /src/components/report/MapLayersEditor.tsx, /src/components/report/ModelSettings.tsx, /src/components/report/WidgetConfigPanel.tsx, /src/components/report/chartRenderers/GeoContourRenderer.tsx, /src/components/report/geo/MapFrame.tsx, /src/components/report/chartRenderers/GeoPointMapRenderer.tsx, /src/components/report/chartRenderers/GeoLineClusterRenderer.tsx, /src/components/report/chartRenderers/GeoPieLayerRenderer.tsx, /src/components/report/chartRenderers/GeoNetworkRenderer.tsx, /src/pages/admin/AdminMaps.tsx, /src/components/report/prepPipeline/JoinMatchNote.tsx, /src/pages/Connections.tsx, /src/pages/connections/ConnectionModal.tsx, /src/components/QueryBuilderDialog.tsx, /src/pages/SourceReview.tsx, /src/components/review/GlossaryPanel.tsx, /src/components/review/SuggestFromSourceDialog.tsx, /src/components/dataset/PredictionModelsPanel.tsx, /src/components/dataset/AggregatesPanel.tsx, /src/components/dataset/ColumnMeaningPanel.tsx, /src/components/dataset/AlertsPanel.tsx, /src/components/StatisticsPanel.tsx, /src/components/NotebookSnippet.tsx, /src/components/DatasetSensitivity.tsx, /src/components/report/CustomCategoryPanel.tsx, /src/components/report/MeasuresPanel.tsx, /src/components/DatasetShareDialog.tsx, /src/components/report/PrepPipelinePanel.tsx, /src/components/insights/FindingChart.tsx, /src/pages/AskAI.tsx, /src/pages/connections/CombineDialog.tsx, /src/components/dataset/DataQualityPanel.tsx, /src/components/report/prepPipeline/StepEditor.tsx, /src/pages/Lineage.tsx, /src/pages/InsightsHub.tsx, /src/pages/monitoring/MonitoringJobs.tsx, /src/pages/monitoring/MonitoringDeliveries.tsx, /src/pages/monitoring/MonitoringActivity.tsx, /src/pages/admin/AdminUsers.tsx, /src/pages/admin/AdminRoles.tsx, /src/pages/admin/AdminOrgUnits.tsx, /src/pages/admin/AdminRowSecurityRules.tsx, /src/pages/admin/AdminColumnSecurityRules.tsx, /src/pages/admin/AdminExportPolicy.tsx, /src/pages/admin/ApiKeys.tsx, /src/pages/admin/AdminCustomConnectors.tsx, /src/pages/admin/AdminSso.tsx, /src/pages/admin/AdminAudit.tsx, /src/pages/admin/PlatformOrgs.tsx, /src/components/chat/AddToDashboard.tsx, /src/components/report/ReleaseControl.tsx, /src/components/chat/ChatPane.tsx, /src/pages/connections/SchemaBrowser.tsx, /src/components/jobs/ImportQueue.tsx, /src/components/jobs/ImportJobRow.tsx
9:24:24 AM [vite] hmr update /src/pages/DatasetDetail.tsx
9:24:24 AM [vite] Pre-transform error: Failed to load url /src/i18n/en.ts (resolved id: /app/src/i18n/en.ts) in /app/src/i18n/index.ts. Does the file exist?
9:24:24 AM [vite] Pre-transform error: Failed to load url /src/services/api.ts (resolved id: /app/src/services/api.ts) in /app/src/contexts/AuthContext.tsx. Does the file exist?
9:24:24 AM [vite] Pre-transform error: Failed to load url /src/services/api.ts (resolved id: /app/src/services/api.ts) in /app/src/contexts/AuthContext.tsx. Does the file exist?
9:24:24 AM [vite] Pre-transform error: Failed to load url /src/services/api.ts (resolved id: /app/src/services/api.ts) in /app/src/contexts/AuthContext.tsx. Does the file exist?
9:24:24 AM [vite] Pre-transform error: Failed to load url /src/services/api.ts (resolved id: /app/src/services/api.ts) in /app/src/contexts/AuthContext.tsx. Does the file exist?
9:24:24 AM [vite] Pre-transform error: Failed to load url /src/services/api.ts (resolved id: /app/src/services/api.ts) in /app/src/contexts/AuthContext.tsx. Does the file exist?
9:24:24 AM [vite] Pre-transform error: Failed to load url /src/services/api.ts (resolved id: /app/src/services/api.ts) in /app/src/contexts/AuthContext.tsx. Does the file exist?
9:24:24 AM [vite] Pre-transform error: Failed to load url /src/services/api.ts (resolved id: /app/src/services/api.ts) in /app/src/contexts/AuthContext.tsx. Does the file exist?
9:24:24 AM [vite] Pre-transform error: Failed to load url /src/services/api.ts (resolved id: /app/src/services/api.ts) in /app/src/contexts/AuthContext.tsx. Does the file exist?
9:24:24 AM [vite] Pre-transform error: Failed to load url /src/services/api.ts (resolved id: /app/src/services/api.ts) in /app/src/contexts/AuthContext.tsx. Does the file exist?
9:24:24 AM [vite] Pre-transform error: Failed to load url /src/i18n/ar.ts (resolved id: /app/src/i18n/ar.ts) in /app/src/i18n/index.ts. Does the file exist?
9:24:24 AM [vite] Pre-transform error: Failed to load url /src/services/api.ts (resolved id: /app/src/services/api.ts) in /app/src/contexts/AuthContext.tsx. Does the file exist?
9:24:24 AM [vite] Pre-transform error: Failed to load url /src/services/api.ts (resolved id: /app/src/services/api.ts) in /app/src/contexts/AuthContext.tsx. Does the file exist?
9:24:24 AM [vite] Pre-transform error: Failed to load url /src/services/api.ts (resolved id: /app/src/services/api.ts) in /app/src/contexts/AuthContext.tsx. Does the file exist?
9:24:24 AM [vite] Pre-transform error: Failed to load url /src/services/api.ts (resolved id: /app/src/services/api.ts) in /app/src/contexts/AuthContext.tsx. Does the file exist?
9:24:24 AM [vite] Pre-transform error: Failed to load url /src/services/api.ts (resolved id: /app/src/services/api.ts) in /app/src/contexts/AuthContext.tsx. Does the file exist?
9:24:24 AM [vite] Pre-transform error: Failed to load url /src/services/api.ts (resolved id: /app/src/services/api.ts) in /app/src/contexts/AuthContext.tsx. Does the file exist?
9:24:24 AM [vite] Pre-transform error: Failed to load url /src/services/api.ts (resolved id: /app/src/services/api.ts) in /app/src/contexts/AuthContext.tsx. Does the file exist?
9:24:24 AM [vite] Pre-transform error: Failed to load url /src/services/api.ts (resolved id: /app/src/services/api.ts) in /app/src/contexts/AuthContext.tsx. Does the file exist?
9:24:24 AM [vite] Pre-transform error: Failed to load url /src/services/api.ts (resolved id: /app/src/services/api.ts) in /app/src/contexts/AuthContext.tsx. Does the file exist?
9:24:24 AM [vite] Pre-transform error: Failed to load url /src/services/api.ts (resolved id: /app/src/services/api.ts) in /app/src/contexts/AuthContext.tsx. Does the file exist?
9:24:24 AM [vite] Pre-transform error: Failed to load url /src/services/api.ts (resolved id: /app/src/services/api.ts) in /app/src/contexts/AuthContext.tsx. Does the file exist?
9:24:24 AM [vite] Pre-transform error: Failed to load url /src/services/api.ts (resolved id: /app/src/services/api.ts) in /app/src/contexts/AuthContext.tsx. Does the file exist?
9:24:24 AM [vite] Pre-transform error: Failed to load url /src/services/api.ts (resolved id: /app/src/services/api.ts) in /app/src/contexts/AuthContext.tsx. Does the file exist?
9:24:24 AM [vite] Pre-transform error: Failed to load url /src/services/api.ts (resolved id: /app/src/services/api.ts) in /app/src/contexts/AuthContext.tsx. Does the file exist?
9:24:24 AM [vite] Pre-transform error: Failed to load url /src/services/api.ts (resolved id: /app/src/services/api.ts) in /app/src/contexts/AuthContext.tsx. Does the file exist?
9:24:24 AM [vite] Pre-transform error: Failed to load url /src/services/api.ts (resolved id: /app/src/services/api.ts) in /app/src/contexts/AuthContext.tsx. Does the file exist?
9:24:24 AM [vite] Pre-transform error: Failed to load url /src/services/api.ts (resolved id: /app/src/services/api.ts) in /app/src/contexts/AuthContext.tsx. Does the file exist?
9:24:24 AM [vite] Pre-transform error: Failed to load url /src/services/api.ts (resolved id: /app/src/services/api.ts) in /app/src/contexts/AuthContext.tsx. Does the file exist?
9:24:24 AM [vite] Pre-transform error: Failed to load url /src/services/api.ts (resolved id: /app/src/services/api.ts) in /app/src/contexts/AuthContext.tsx. Does the file exist?
9:24:24 AM [vite] Pre-transform error: Failed to load url /src/services/api.ts (resolved id: /app/src/services/api.ts) in /app/src/contexts/AuthContext.tsx. Does the file exist?
9:24:24 AM [vite] Pre-transform error: Failed to load url /src/services/api.ts (resolved id: /app/src/services/api.ts) in /app/src/contexts/AuthContext.tsx. Does the file exist?
9:24:24 AM [vite] Pre-transform error: Failed to load url /src/services/api.ts (resolved id: /app/src/services/api.ts) in /app/src/contexts/AuthContext.tsx. Does the file exist?
9:24:24 AM [vite] Pre-transform error: Failed to load url /src/services/api.ts (resolved id: /app/src/services/api.ts) in /app/src/contexts/AuthContext.tsx. Does the file exist?
9:24:24 AM [vite] Pre-transform error: Failed to load url /src/services/api.ts (resolved id: /app/src/services/api.ts) in /app/src/contexts/AuthContext.tsx. Does the file exist?
9:24:24 AM [vite] Pre-transform error: Failed to load url /src/services/api.ts (resolved id: /app/src/services/api.ts) in /app/src/contexts/AuthContext.tsx. Does the file exist?
9:24:24 AM [vite] Pre-transform error: Failed to load url /src/services/api.ts (resolved id: /app/src/services/api.ts) in /app/src/contexts/AuthContext.tsx. Does the file exist?
9:24:24 AM [vite] Pre-transform error: Failed to load url /src/services/api.ts (resolved id: /app/src/services/api.ts) in /app/src/contexts/AuthContext.tsx. Does the file exist?
9:24:24 AM [vite] Pre-transform error: Failed to load url /src/services/api.ts (resolved id: /app/src/services/api.ts) in /app/src/contexts/AuthContext.tsx. Does the file exist?
9:24:24 AM [vite] Pre-transform error: Failed to load url /src/services/api.ts (resolved id: /app/src/services/api.ts) in /app/src/contexts/AuthContext.tsx. Does the file exist?
9:24:24 AM [vite] Pre-transform error: Failed to load url /src/services/api.ts (resolved id: /app/src/services/api.ts) in /app/src/contexts/AuthContext.tsx. Does the file exist?
9:24:24 AM [vite] Pre-transform error: Failed to load url /src/services/api.ts (resolved id: /app/src/services/api.ts) in /app/src/contexts/AuthContext.tsx. Does the file exist?
9:24:24 AM [vite] Pre-transform error: Failed to load url /src/services/api.ts (resolved id: /app/src/services/api.ts) in /app/src/contexts/AuthContext.tsx. Does the file exist?
9:24:24 AM [vite] Pre-transform error: Failed to load url /src/services/api.ts (resolved id: /app/src/services/api.ts) in /app/src/contexts/AuthContext.tsx. Does the file exist?
9:24:24 AM [vite] Pre-transform error: Failed to load url /src/services/api.ts (resolved id: /app/src/services/api.ts) in /app/src/contexts/AuthContext.tsx. Does the file exist?
9:24:24 AM [vite] Pre-transform error: Failed to load url /src/services/api.ts (resolved id: /app/src/services/api.ts) in /app/src/contexts/AuthContext.tsx. Does the file exist?
9:24:24 AM [vite] Pre-transform error: Failed to load url /src/services/api.ts (resolved id: /app/src/services/api.ts) in /app/src/contexts/AuthContext.tsx. Does the file exist?
9:24:24 AM [vite] Pre-transform error: Failed to load url /src/services/api.ts (resolved id: /app/src/services/api.ts) in /app/src/contexts/AuthContext.tsx. Does the file exist?
9:24:24 AM [vite] Pre-transform error: Failed to load url /src/services/api.ts (resolved id: /app/src/services/api.ts) in /app/src/contexts/AuthContext.tsx. Does the file exist?
9:24:24 AM [vite] Pre-transform error: Failed to load url /src/services/api.ts (resolved id: /app/src/services/api.ts) in /app/src/contexts/AuthContext.tsx. Does the file exist?
9:24:24 AM [vite] Pre-transform error: Failed to load url /src/services/api.ts (resolved id: /app/src/services/api.ts) in /app/src/contexts/AuthContext.tsx. Does the file exist?
9:24:24 AM [vite] Pre-transform error: Failed to load url /src/services/api.ts (resolved id: /app/src/services/api.ts) in /app/src/contexts/AuthContext.tsx. Does the file exist?
9:24:24 AM [vite] Pre-transform error: Failed to load url /src/services/api.ts (resolved id: /app/src/services/api.ts) in /app/src/contexts/AuthContext.tsx. Does the file exist?
9:24:24 AM [vite] Pre-transform error: Failed to load url /src/services/api.ts (resolved id: /app/src/services/api.ts) in /app/src/contexts/AuthContext.tsx. Does the file exist?
9:24:24 AM [vite] Pre-transform error: Failed to load url /src/services/api.ts (resolved id: /app/src/services/api.ts) in /app/src/contexts/AuthContext.tsx. Does the file exist?
9:24:24 AM [vite] Pre-transform error: Failed to load url /src/services/api.ts (resolved id: /app/src/services/api.ts) in /app/src/contexts/AuthContext.tsx. Does the file exist?
9:24:24 AM [vite] Pre-transform error: Failed to load url /src/services/api.ts (resolved id: /app/src/services/api.ts) in /app/src/contexts/AuthContext.tsx. Does the file exist?
9:24:24 AM [vite] Pre-transform error: Failed to load url /src/services/api.ts (resolved id: /app/src/services/api.ts) in /app/src/contexts/AuthContext.tsx. Does the file exist?
9:24:24 AM [vite] Pre-transform error: Failed to load url /src/services/api.ts (resolved id: /app/src/services/api.ts) in /app/src/contexts/AuthContext.tsx. Does the file exist?
9:24:24 AM [vite] Pre-transform error: Failed to load url /src/services/api.ts (resolved id: /app/src/services/api.ts) in /app/src/contexts/AuthContext.tsx. Does the file exist?
9:24:24 AM [vite] Pre-transform error: Failed to load url /src/services/api.ts (resolved id: /app/src/services/api.ts) in /app/src/contexts/AuthContext.tsx. Does the file exist?
9:24:24 AM [vite] Pre-transform error: Failed to load url /src/services/api.ts (resolved id: /app/src/services/api.ts) in /app/src/contexts/AuthContext.tsx. Does the file exist?
9:24:24 AM [vite] Pre-transform error: Failed to load url /src/services/api.ts (resolved id: /app/src/services/api.ts) in /app/src/contexts/AuthContext.tsx. Does the file exist?
9:24:24 AM [vite] Pre-transform error: Failed to load url /src/services/api.ts (resolved id: /app/src/services/api.ts) in /app/src/contexts/AuthContext.tsx. Does the file exist?
9:24:24 AM [vite] hmr invalidate /src/pages/Login.tsx Could not Fast Refresh ("signInErrorKey" export is incompatible). Learn more at https://github.com/vitejs/vite-plugin-react/tree/main/packages/plugin-react#consistent-components-exports
9:24:24 AM [vite] hmr update /src/App.tsx
9:24:24 AM [vite] hmr invalidate /src/pages/Upload.tsx Could not Fast Refresh ("batchBaseName" export is incompatible). Learn more at https://github.com/vitejs/vite-plugin-react/tree/main/packages/plugin-react#consistent-components-exports
9:24:24 AM [vite] hmr update /src/App.tsx
9:24:24 AM [vite] hmr invalidate /src/components/CommandPalette.tsx Could not Fast Refresh ("matchScore" export is incompatible). Learn more at https://github.com/vitejs/vite-plugin-react/tree/main/packages/plugin-react#consistent-components-exports
9:24:24 AM [vite] hmr update /src/components/Layout.tsx
9:24:24 AM [vite] hmr invalidate /src/components/report/ChartGallery.tsx Could not Fast Refresh ("chartIcon" export is incompatible). Learn more at https://github.com/vitejs/vite-plugin-react/tree/main/packages/plugin-react#consistent-components-exports
9:24:24 AM [vite] hmr update /src/pages/ReportBuilder.tsx, /src/components/report/SuggestionsPane.tsx
9:24:24 AM [vite] hmr invalidate /src/pages/ask/DataPicker.tsx Could not Fast Refresh ("pushRecent" export is incompatible). Learn more at https://github.com/vitejs/vite-plugin-react/tree/main/packages/plugin-react#consistent-components-exports
9:24:24 AM [vite] hmr update /src/pages/AskAI.tsx
9:24:24 AM [vite] hmr invalidate /src/components/chat/ChatPane.tsx Could not Fast Refresh ("answerSource" export is incompatible). Learn more at https://github.com/vitejs/vite-plugin-react/tree/main/packages/plugin-react#consistent-components-exports
9:24:24 AM [vite] hmr update /src/pages/ReportBuilder.tsx, /src/pages/AskAI.tsx
9:24:24 AM [vite] hmr invalidate /src/components/chat/ResultView.tsx Could not Fast Refresh ("autoChart" export is incompatible). Learn more at https://github.com/vitejs/vite-plugin-react/tree/main/packages/plugin-react#consistent-components-exports
9:24:24 AM [vite] hmr update /src/components/report/CopilotChat.tsx, /src/components/chat/ChatPane.tsx
9:24:24 AM [vite] hmr invalidate /src/components/chat/AnswerText.tsx Could not Fast Refresh ("describeClaim" export is incompatible). Learn more at https://github.com/vitejs/vite-plugin-react/tree/main/packages/plugin-react#consistent-components-exports
9:24:24 AM [vite] hmr update /src/components/chat/ChatPane.tsx, /src/components/report/CopilotChat.tsx
9:24:24 AM [vite] hmr invalidate /src/components/chat/ChatPane.tsx Could not Fast Refresh ("answerSource" export is incompatible). Learn more at https://github.com/vitejs/vite-plugin-react/tree/main/packages/plugin-react#consistent-components-exports
9:24:24 AM [vite] hmr update /src/pages/ReportBuilder.tsx, /src/pages/AskAI.tsx
9:24:24 AM [vite] hmr invalidate /src/contexts/AuthContext.tsx Could not Fast Refresh ("AuthContext" export is incompatible). Learn more at https://github.com/vitejs/vite-plugin-react/tree/main/packages/plugin-react#consistent-components-exports
9:24:24 AM [vite] hmr update /src/App.tsx, /src/components/RequireAdmin.tsx, /src/components/RequireSuperAdmin.tsx, /src/components/ProtectedRoute.tsx, /src/components/Layout.tsx, /src/pages/Login.tsx, /src/pages/Reports.tsx, /src/components/TopBar.tsx, /src/components/CommandPalette.tsx, /src/pages/ReportBuilder.tsx, /src/components/report/DataView.tsx, /src/pages/Connections.tsx, /src/pages/SourceReview.tsx
9:24:24 AM [vite] hmr invalidate /src/pages/Login.tsx Could not Fast Refresh ("signInErrorKey" export is incompatible). Learn more at https://github.com/vitejs/vite-plugin-react/tree/main/packages/plugin-react#consistent-components-exports
9:24:24 AM [vite] hmr update /src/App.tsx
9:24:24 AM [vite] hmr invalidate /src/components/CommandPalette.tsx Could not Fast Refresh ("matchScore" export is incompatible). Learn more at https://github.com/vitejs/vite-plugin-react/tree/main/packages/plugin-react#consistent-components-exports
9:24:24 AM [vite] hmr update /src/components/Layout.tsx
9:24:24 AM [vite] hmr invalidate /src/pages/reports/listParts.tsx Could not Fast Refresh ("loadCollapsed" export is incompatible). Learn more at https://github.com/vitejs/vite-plugin-react/tree/main/packages/plugin-react#consistent-components-exports
9:24:24 AM [vite] hmr update /src/pages/Reports.tsx
9:24:24 AM [vite] hmr invalidate /src/components/report/GeoMatchCheck.tsx Could not Fast Refresh ("useGeoMatch" export is incompatible). Learn more at https://github.com/vitejs/vite-plugin-react/tree/main/packages/plugin-react#consistent-components-exports
9:24:24 AM [vite] hmr update /src/pages/ReportBuilder.tsx, /src/components/report/WidgetConfigPanel.tsx
9:24:24 AM [vite] hmr invalidate /src/components/report/WidgetRenderer.tsx Could not Fast Refresh ("SKIN_OPTIONS" export is incompatible). Learn more at https://github.com/vitejs/vite-plugin-react/tree/main/packages/plugin-react#consistent-components-exports
9:24:24 AM [vite] hmr update /src/pages/ReportBuilder.tsx, /src/components/report/SuggestionsPane.tsx
9:24:24 AM [vite] hmr invalidate /src/components/report/SuggestionsPane.tsx Could not Fast Refresh ("suggestWidgets" export is incompatible). Learn more at https://github.com/vitejs/vite-plugin-react/tree/main/packages/plugin-react#consistent-components-exports
9:24:24 AM [vite] hmr update /src/pages/ReportBuilder.tsx
9:24:24 AM [vite] hmr invalidate /src/components/report/ViewerKit.tsx Could not Fast Refresh ("VIEW_AS_FAMILY" export is incompatible). Learn more at https://github.com/vitejs/vite-plugin-react/tree/main/packages/plugin-react#consistent-components-exports
9:24:24 AM [vite] hmr update /src/pages/ReportBuilder.tsx, /src/components/report/WidgetRenderer.tsx
9:24:24 AM [vite] hmr invalidate /src/components/report/ReviewPane.tsx Could not Fast Refresh ("reviewReport" export is incompatible). Learn more at https://github.com/vitejs/vite-plugin-react/tree/main/packages/plugin-react#consistent-components-exports
9:24:24 AM [vite] hmr update /src/pages/ReportBuilder.tsx
9:24:24 AM [vite] hmr invalidate /src/components/report/PrepStepsPanel.tsx Could not Fast Refresh ("describeStep" export is incompatible). Learn more at https://github.com/vitejs/vite-plugin-react/tree/main/packages/plugin-react#consistent-components-exports
9:24:24 AM [vite] hmr update /src/components/report/DataView.tsx
9:24:24 AM [vite] hmr invalidate /src/components/report/ModelSettings.tsx Could not Fast Refresh ("modelOptsConfig" export is incompatible). Learn more at https://github.com/vitejs/vite-plugin-react/tree/main/packages/plugin-react#consistent-components-exports
9:24:24 AM [vite] hmr update /src/components/report/WidgetConfigPanel.tsx
9:24:24 AM [vite] hmr invalidate /src/components/report/geo/MapFrame.tsx Could not Fast Refresh ("MAP_WRAP_STYLE" export is incompatible). Learn more at https://github.com/vitejs/vite-plugin-react/tree/main/packages/plugin-react#consistent-components-exports
9:24:24 AM [vite] hmr update /src/components/report/chartRenderers/GeoContourRenderer.tsx, /src/components/report/chartRenderers/GeoPointMapRenderer.tsx, /src/components/report/chartRenderers/GeoChoroplethRenderer.tsx, /src/components/report/chartRenderers/GeoLineClusterRenderer.tsx, /src/components/report/chartRenderers/GeoPieLayerRenderer.tsx, /src/components/report/chartRenderers/GeoLayerStackRenderer.tsx, /src/components/report/chartRenderers/GeoNetworkRenderer.tsx
9:24:25 AM [vite] hmr update /src/pages/DatasetDetail.tsx
9:24:25 AM [vite] hmr update /src/contexts/AuthContext.tsx, /src/pages/Login.tsx, /src/pages/Dashboard.tsx, /src/pages/Upload.tsx, /src/pages/Reports.tsx, /src/components/CommandPalette.tsx, /src/components/dataset/SuggestDashboardsDialog.tsx, /src/pages/reports/listParts.tsx, /src/components/NotificationsBell.tsx, /src/pages/Home.tsx, /src/pages/ReportBuilder.tsx, /src/components/report/HierarchyTree.tsx, /src/components/report/DataView.tsx, /src/components/report/GeoMatchCheck.tsx, /src/components/report/CalcColumnsPanel.tsx, /src/components/report/PagePropertiesPanel.tsx, /src/components/report/ColumnFormatsPanel.tsx, /src/components/report/WidgetRenderer.tsx, /src/components/report/TranslationsPane.tsx, /src/components/report/SuggestionsPane.tsx, /src/components/report/CommentsPane.tsx, /src/components/report/VersionHistoryPane.tsx, /src/components/report/CopilotChat.tsx, /src/components/report/InsightsPane.tsx, /src/components/report/AccessDialog.tsx, /src/components/report/SubscribeButton.tsx, /src/pages/reportBuilder/PageTemplateMenu.tsx, /src/components/report/ShareLinksDialog.tsx, /src/components/report/ModelView.tsx, /src/components/report/ExplainDialog.tsx, /src/pages/reportBuilder/BookmarksConnected.tsx, /src/components/report/ViewerKit.tsx, /src/components/report/OutlierDetailsDialog.tsx, /src/pages/reportBuilder/SchedulePanel.tsx, /src/components/report/ReviewPane.tsx, /src/components/report/DataViewsBar.tsx, /src/components/report/CustomFunctionsPanel.tsx, /src/components/report/PrepStepsPanel.tsx, /src/components/report/chartRenderers/GeoChoroplethRenderer.tsx, /src/components/report/chartRenderers/GeoLayerStackRenderer.tsx, /src/components/report/calcColumns/BuilderModal.tsx, /src/components/report/BookmarksPane.tsx, /src/components/chat/DashboardProposals.tsx, /src/components/report/BoundarySetPicker.tsx, /src/components/report/MapLayersEditor.tsx, /src/components/report/ModelSettings.tsx, /src/components/report/WidgetConfigPanel.tsx, /src/components/report/chartRenderers/GeoContourRenderer.tsx, /src/components/report/geo/MapFrame.tsx, /src/components/report/chartRenderers/GeoPointMapRenderer.tsx, /src/components/report/chartRenderers/GeoLineClusterRenderer.tsx, /src/components/report/chartRenderers/GeoPieLayerRenderer.tsx, /src/components/report/chartRenderers/GeoNetworkRenderer.tsx, /src/pages/admin/AdminMaps.tsx, /src/components/report/prepPipeline/JoinMatchNote.tsx, /src/pages/Connections.tsx, /src/pages/connections/ConnectionModal.tsx, /src/components/QueryBuilderDialog.tsx, /src/pages/SourceReview.tsx, /src/components/review/GlossaryPanel.tsx, /src/components/review/SuggestFromSourceDialog.tsx, /src/components/dataset/PredictionModelsPanel.tsx, /src/components/dataset/AggregatesPanel.tsx, /src/components/dataset/ColumnMeaningPanel.tsx, /src/components/dataset/AlertsPanel.tsx, /src/components/StatisticsPanel.tsx, /src/components/NotebookSnippet.tsx, /src/components/DatasetSensitivity.tsx, /src/components/report/CustomCategoryPanel.tsx, /src/components/report/MeasuresPanel.tsx, /src/components/DatasetShareDialog.tsx, /src/components/report/PrepPipelinePanel.tsx, /src/components/insights/FindingChart.tsx, /src/pages/AskAI.tsx, /src/pages/connections/CombineDialog.tsx, /src/components/dataset/DataQualityPanel.tsx, /src/components/report/prepPipeline/StepEditor.tsx, /src/pages/Lineage.tsx, /src/pages/InsightsHub.tsx, /src/pages/monitoring/MonitoringJobs.tsx, /src/pages/monitoring/MonitoringDeliveries.tsx, /src/pages/monitoring/MonitoringActivity.tsx, /src/pages/admin/AdminUsers.tsx, /src/pages/admin/AdminRoles.tsx, /src/pages/admin/AdminOrgUnits.tsx, /src/pages/admin/AdminRowSecurityRules.tsx, /src/pages/admin/AdminColumnSecurityRules.tsx, /src/pages/admin/AdminExportPolicy.tsx, /src/pages/admin/ApiKeys.tsx, /src/pages/admin/AdminCustomConnectors.tsx, /src/pages/admin/AdminSso.tsx, /src/pages/admin/AdminAudit.tsx, /src/pages/admin/PlatformOrgs.tsx, /src/components/chat/AddToDashboard.tsx, /src/components/report/ReleaseControl.tsx, /src/components/chat/ChatPane.tsx, /src/pages/connections/SchemaBrowser.tsx, /src/components/jobs/ImportQueue.tsx, /src/components/jobs/ImportJobRow.tsx
9:24:25 AM [vite] hmr update /src/App.tsx, /src/components/Layout.tsx, /src/pages/Login.tsx, /src/pages/NotFound.tsx, /src/pages/Dashboard.tsx, /src/pages/Upload.tsx, /src/pages/Reports.tsx, /src/components/TopBar.tsx, /src/components/CommandPalette.tsx, /src/components/LanguageSwitcher.tsx, /src/components/ui/BulkBar.tsx, /src/components/NotificationsBell.tsx, /src/pages/Home.tsx, /src/pages/ReportBuilder.tsx, /src/components/report/HierarchyTree.tsx, /src/components/report/FilterBar.tsx, /src/components/report/CalcColumnsPanel.tsx, /src/components/report/PagePropertiesPanel.tsx, /src/components/report/StatusBar.tsx, /src/components/report/ChartGallery.tsx, /src/components/report/SubscribeButton.tsx, /src/components/report/CustomFunctionsPanel.tsx, /src/components/report/ExpandableGroup.tsx, /src/pages/Connections.tsx, /src/components/dataset/PredictionModelsPanel.tsx, /src/components/dataset/AlertsPanel.tsx, /src/components/StatisticsPanel.tsx, /src/components/NotebookSnippet.tsx, /src/components/DatasetSensitivity.tsx, /src/pages/AskAI.tsx, /src/components/auth/BrandIllustration.tsx, /src/pages/Lineage.tsx, /src/pages/InsightsHub.tsx, /src/pages/monitoring/MonitoringJobs.tsx, /src/pages/monitoring/MonitoringDeliveries.tsx, /src/pages/monitoring/MonitoringActivity.tsx, /src/pages/admin/AdminUsers.tsx, /src/pages/admin/AdminRoles.tsx, /src/pages/admin/AdminOrgUnits.tsx, /src/pages/admin/AdminRowSecurityRules.tsx, /src/pages/admin/AdminColumnSecurityRules.tsx, /src/pages/admin/AdminExportPolicy.tsx, /src/pages/admin/ApiKeys.tsx, /src/pages/admin/AdminCustomConnectors.tsx, /src/pages/admin/AdminSso.tsx, /src/pages/admin/AdminMaps.tsx, /src/pages/admin/AdminAudit.tsx, /src/pages/admin/PlatformOrgs.tsx, /src/components/chat/AddToDashboard.tsx, /src/components/chat/Composer.tsx, /src/components/chat/Pending.tsx, /src/pages/ask/HistoryPanel.tsx, /src/pages/ask/DataPicker.tsx, /src/components/report/CopilotChat.tsx, /src/components/report/ReleaseControl.tsx, /src/components/chat/ChatPane.tsx, /src/components/chat/ResultView.tsx, /src/components/chat/AnswerText.tsx, /src/pages/connections/SchemaBrowser.tsx, /src/components/jobs/ImportQueue.tsx, /src/components/jobs/ImportJobRow.tsx
9:24:25 AM [vite] hmr update /src/App.tsx, /src/components/Layout.tsx, /src/pages/Login.tsx, /src/pages/NotFound.tsx, /src/pages/Dashboard.tsx, /src/pages/Upload.tsx, /src/pages/Reports.tsx, /src/components/TopBar.tsx, /src/components/CommandPalette.tsx, /src/components/LanguageSwitcher.tsx, /src/components/ui/BulkBar.tsx, /src/components/NotificationsBell.tsx, /src/pages/Home.tsx, /src/pages/ReportBuilder.tsx, /src/components/report/HierarchyTree.tsx, /src/components/report/FilterBar.tsx, /src/components/report/CalcColumnsPanel.tsx, /src/components/report/PagePropertiesPanel.tsx, /src/components/report/StatusBar.tsx, /src/components/report/ChartGallery.tsx, /src/components/report/SubscribeButton.tsx, /src/components/report/CustomFunctionsPanel.tsx, /src/components/report/ExpandableGroup.tsx, /src/pages/Connections.tsx, /src/components/dataset/PredictionModelsPanel.tsx, /src/components/dataset/AlertsPanel.tsx, /src/components/StatisticsPanel.tsx, /src/components/NotebookSnippet.tsx, /src/components/DatasetSensitivity.tsx, /src/pages/AskAI.tsx, /src/components/auth/BrandIllustration.tsx, /src/pages/Lineage.tsx, /src/pages/InsightsHub.tsx, /src/pages/monitoring/MonitoringJobs.tsx, /src/pages/monitoring/MonitoringDeliveries.tsx, /src/pages/monitoring/MonitoringActivity.tsx, /src/pages/admin/AdminUsers.tsx, /src/pages/admin/AdminRoles.tsx, /src/pages/admin/AdminOrgUnits.tsx, /src/pages/admin/AdminRowSecurityRules.tsx, /src/pages/admin/AdminColumnSecurityRules.tsx, /src/pages/admin/AdminExportPolicy.tsx, /src/pages/admin/ApiKeys.tsx, /src/pages/admin/AdminCustomConnectors.tsx, /src/pages/admin/AdminSso.tsx, /src/pages/admin/AdminMaps.tsx, /src/pages/admin/AdminAudit.tsx, /src/pages/admin/PlatformOrgs.tsx, /src/components/chat/AddToDashboard.tsx, /src/components/chat/Composer.tsx, /src/components/chat/Pending.tsx, /src/pages/ask/HistoryPanel.tsx, /src/pages/ask/DataPicker.tsx, /src/components/report/CopilotChat.tsx, /src/components/report/ReleaseControl.tsx, /src/components/chat/ChatPane.tsx, /src/components/chat/ResultView.tsx, /src/components/chat/AnswerText.tsx, /src/pages/connections/SchemaBrowser.tsx, /src/components/jobs/ImportQueue.tsx, /src/components/jobs/ImportJobRow.tsx
9:24:30 AM [vite] hmr invalidate /src/pages/Login.tsx Could not Fast Refresh ("signInErrorKey" export is incompatible). Learn more at https://github.com/vitejs/vite-plugin-react/tree/main/packages/plugin-react#consistent-components-exports
9:24:30 AM [vite] hmr update /src/App.tsx
9:24:30 AM [vite] hmr invalidate /src/pages/Upload.tsx Could not Fast Refresh ("batchBaseName" export is incompatible). Learn more at https://github.com/vitejs/vite-plugin-react/tree/main/packages/plugin-react#consistent-components-exports
9:24:30 AM [vite] hmr update /src/App.tsx
9:24:30 AM [vite] hmr invalidate /src/components/CommandPalette.tsx Could not Fast Refresh ("matchScore" export is incompatible). Learn more at https://github.com/vitejs/vite-plugin-react/tree/main/packages/plugin-react#consistent-components-exports
9:24:30 AM [vite] hmr update /src/components/Layout.tsx
9:24:30 AM [vite] hmr invalidate /src/components/report/ChartGallery.tsx Could not Fast Refresh ("chartIcon" export is incompatible). Learn more at https://github.com/vitejs/vite-plugin-react/tree/main/packages/plugin-react#consistent-components-exports
9:24:30 AM [vite] hmr update /src/pages/ReportBuilder.tsx, /src/components/report/SuggestionsPane.tsx
9:24:30 AM [vite] hmr invalidate /src/pages/ask/DataPicker.tsx Could not Fast Refresh ("pushRecent" export is incompatible). Learn more at https://github.com/vitejs/vite-plugin-react/tree/main/packages/plugin-react#consistent-components-exports
9:24:30 AM [vite] hmr update /src/pages/AskAI.tsx
9:24:30 AM [vite] hmr invalidate /src/components/chat/ChatPane.tsx Could not Fast Refresh ("answerSource" export is incompatible). Learn more at https://github.com/vitejs/vite-plugin-react/tree/main/packages/plugin-react#consistent-components-exports
9:24:30 AM [vite] hmr update /src/pages/ReportBuilder.tsx, /src/pages/AskAI.tsx
9:24:30 AM [vite] hmr invalidate /src/components/chat/ResultView.tsx Could not Fast Refresh ("autoChart" export is incompatible). Learn more at https://github.com/vitejs/vite-plugin-react/tree/main/packages/plugin-react#consistent-components-exports
9:24:30 AM [vite] hmr update /src/components/report/CopilotChat.tsx, /src/components/chat/ChatPane.tsx
9:24:30 AM [vite] hmr invalidate /src/components/chat/AnswerText.tsx Could not Fast Refresh ("describeClaim" export is incompatible). Learn more at https://github.com/vitejs/vite-plugin-react/tree/main/packages/plugin-react#consistent-components-exports
9:24:30 AM [vite] hmr update /src/components/chat/ChatPane.tsx, /src/components/report/CopilotChat.tsx
9:24:30 AM [vite] hmr invalidate /src/contexts/AuthContext.tsx Could not Fast Refresh ("AuthContext" export is incompatible). Learn more at https://github.com/vitejs/vite-plugin-react/tree/main/packages/plugin-react#consistent-components-exports
9:24:30 AM [vite] hmr update /src/App.tsx, /src/components/RequireAdmin.tsx, /src/components/RequireSuperAdmin.tsx, /src/components/ProtectedRoute.tsx, /src/components/Layout.tsx, /src/pages/Login.tsx, /src/pages/Reports.tsx, /src/components/TopBar.tsx, /src/components/CommandPalette.tsx, /src/pages/ReportBuilder.tsx, /src/components/report/DataView.tsx, /src/pages/Connections.tsx, /src/pages/SourceReview.tsx
9:24:30 AM [vite] hmr invalidate /src/pages/Login.tsx Could not Fast Refresh ("signInErrorKey" export is incompatible). Learn more at https://github.com/vitejs/vite-plugin-react/tree/main/packages/plugin-react#consistent-components-exports
9:24:30 AM [vite] hmr update /src/App.tsx
9:24:30 AM [vite] hmr invalidate /src/components/CommandPalette.tsx Could not Fast Refresh ("matchScore" export is incompatible). Learn more at https://github.com/vitejs/vite-plugin-react/tree/main/packages/plugin-react#consistent-components-exports
9:24:30 AM [vite] hmr update /src/components/Layout.tsx
9:24:30 AM [vite] hmr invalidate /src/pages/reports/listParts.tsx Could not Fast Refresh ("loadCollapsed" export is incompatible). Learn more at https://github.com/vitejs/vite-plugin-react/tree/main/packages/plugin-react#consistent-components-exports
9:24:30 AM [vite] hmr update /src/pages/Reports.tsx
9:24:30 AM [vite] hmr invalidate /src/components/report/GeoMatchCheck.tsx Could not Fast Refresh ("useGeoMatch" export is incompatible). Learn more at https://github.com/vitejs/vite-plugin-react/tree/main/packages/plugin-react#consistent-components-exports
9:24:30 AM [vite] hmr update /src/pages/ReportBuilder.tsx, /src/components/report/WidgetConfigPanel.tsx
9:24:30 AM [vite] hmr invalidate /src/components/report/WidgetRenderer.tsx Could not Fast Refresh ("SKIN_OPTIONS" export is incompatible). Learn more at https://github.com/vitejs/vite-plugin-react/tree/main/packages/plugin-react#consistent-components-exports
9:24:30 AM [vite] hmr update /src/pages/ReportBuilder.tsx, /src/components/report/SuggestionsPane.tsx
9:24:30 AM [vite] hmr invalidate /src/components/report/SuggestionsPane.tsx Could not Fast Refresh ("suggestWidgets" export is incompatible). Learn more at https://github.com/vitejs/vite-plugin-react/tree/main/packages/plugin-react#consistent-components-exports
9:24:30 AM [vite] hmr update /src/pages/ReportBuilder.tsx
9:24:30 AM [vite] hmr invalidate /src/components/report/ViewerKit.tsx Could not Fast Refresh ("VIEW_AS_FAMILY" export is incompatible). Learn more at https://github.com/vitejs/vite-plugin-react/tree/main/packages/plugin-react#consistent-components-exports
9:24:30 AM [vite] hmr update /src/pages/ReportBuilder.tsx, /src/components/report/WidgetRenderer.tsx
9:24:30 AM [vite] hmr invalidate /src/components/report/ReviewPane.tsx Could not Fast Refresh ("reviewReport" export is incompatible). Learn more at https://github.com/vitejs/vite-plugin-react/tree/main/packages/plugin-react#consistent-components-exports
9:24:30 AM [vite] hmr update /src/pages/ReportBuilder.tsx
9:24:30 AM [vite] hmr invalidate /src/components/report/PrepStepsPanel.tsx Could not Fast Refresh ("describeStep" export is incompatible). Learn more at https://github.com/vitejs/vite-plugin-react/tree/main/packages/plugin-react#consistent-components-exports
9:24:30 AM [vite] hmr update /src/components/report/DataView.tsx
9:24:30 AM [vite] hmr invalidate /src/components/report/ModelSettings.tsx Could not Fast Refresh ("modelOptsConfig" export is incompatible). Learn more at https://github.com/vitejs/vite-plugin-react/tree/main/packages/plugin-react#consistent-components-exports
9:24:30 AM [vite] hmr update /src/components/report/WidgetConfigPanel.tsx
9:24:30 AM [vite] hmr invalidate /src/components/report/geo/MapFrame.tsx Could not Fast Refresh ("MAP_WRAP_STYLE" export is incompatible). Learn more at https://github.com/vitejs/vite-plugin-react/tree/main/packages/plugin-react#consistent-components-exports
9:24:30 AM [vite] hmr update /src/components/report/chartRenderers/GeoContourRenderer.tsx, /src/components/report/chartRenderers/GeoPointMapRenderer.tsx, /src/components/report/chartRenderers/GeoChoroplethRenderer.tsx, /src/components/report/chartRenderers/GeoLineClusterRenderer.tsx, /src/components/report/chartRenderers/GeoPieLayerRenderer.tsx, /src/components/report/chartRenderers/GeoLayerStackRenderer.tsx, /src/components/report/chartRenderers/GeoNetworkRenderer.tsx
9:24:30 AM [vite] hmr invalidate /src/components/chat/ChatPane.tsx Could not Fast Refresh ("answerSource" export is incompatible). Learn more at https://github.com/vitejs/vite-plugin-react/tree/main/packages/plugin-react#consistent-components-exports
9:24:30 AM [vite] hmr update /src/pages/ReportBuilder.tsx, /src/pages/AskAI.tsx
9:54:23 AM [vite] hmr update /src/components/report/WidgetRenderer.tsx
9:54:23 AM [vite] hmr invalidate /src/components/report/WidgetRenderer.tsx Could not Fast Refresh ("SKIN_OPTIONS" export is incompatible). Learn more at https://github.com/vitejs/vite-plugin-react/tree/main/packages/plugin-react#consistent-components-exports
9:54:23 AM [vite] hmr update /src/pages/ReportBuilder.tsx, /src/components/report/SuggestionsPane.tsx
9:54:23 AM [vite] hmr update /src/components/report/WidgetRenderer.tsx
9:54:25 AM [vite] hmr invalidate /src/components/report/WidgetRenderer.tsx Could not Fast Refresh ("SKIN_OPTIONS" export is incompatible). Learn more at https://github.com/vitejs/vite-plugin-react/tree/main/packages/plugin-react#consistent-components-exports
9:54:25 AM [vite] hmr update /src/pages/ReportBuilder.tsx, /src/components/report/SuggestionsPane.tsx
9:54:25 AM [vite] hmr invalidate /src/components/report/SuggestionsPane.tsx Could not Fast Refresh ("suggestWidgets" export is incompatible). Learn more at https://github.com/vitejs/vite-plugin-react/tree/main/packages/plugin-react#consistent-components-exports
9:54:25 AM [vite] hmr update /src/pages/ReportBuilder.tsx
9:58:32 AM [vite] page reload src/main.tsx
9:59:08 AM [vite] page reload src/lib/autoDir.ts
9:59:19 AM [vite] hmr update /src/pages/ReportBuilder.tsx
10:12:17 AM [vite] hmr update /src/components/report/MeasuredChart.tsx
10:12:25 AM [vite] hmr update /src/index.css
10:12:44 AM [vite] hmr update /src/components/report/MeasuredChart.tsx
10:12:44 AM [vite] hmr update /src/components/report/WidgetRenderer.tsx
10:12:45 AM [vite] hmr invalidate /src/components/report/WidgetRenderer.tsx Could not Fast Refresh ("SKIN_OPTIONS" export is incompatible). Learn more at https://github.com/vitejs/vite-plugin-react/tree/main/packages/plugin-react#consistent-components-exports
10:12:45 AM [vite] hmr update /src/pages/ReportBuilder.tsx, /src/components/report/SuggestionsPane.tsx
10:12:46 AM [vite] hmr invalidate /src/components/report/SuggestionsPane.tsx Could not Fast Refresh ("suggestWidgets" export is incompatible). Learn more at https://github.com/vitejs/vite-plugin-react/tree/main/packages/plugin-react#consistent-components-exports
10:12:46 AM [vite] hmr update /src/pages/ReportBuilder.tsx
10:12:51 AM [vite] hmr update /src/index.css
10:16:48 AM [vite] hmr update /src/components/report/TruncationNote.tsx
10:16:49 AM [vite] hmr invalidate /src/components/report/TruncationNote.tsx Could not Fast Refresh (new export)
10:16:49 AM [vite] hmr update /src/pages/ReportBuilder.tsx, /src/components/report/WidgetRenderer.tsx
10:16:50 AM [vite] hmr invalidate /src/components/report/WidgetRenderer.tsx Could not Fast Refresh ("SKIN_OPTIONS" export is incompatible). Learn more at https://github.com/vitejs/vite-plugin-react/tree/main/packages/plugin-react#consistent-components-exports
10:16:50 AM [vite] hmr update /src/pages/ReportBuilder.tsx, /src/components/report/SuggestionsPane.tsx
10:19:58 AM [vite] hmr update /src/components/report/WidgetConfigPanel.tsx
10:19:58 AM [vite] hmr update /src/components/report/InsightsPane.tsx
10:20:12 AM [vite] hmr update /src/components/report/TruncationNote.tsx
10:20:12 AM [vite] hmr invalidate /src/components/report/TruncationNote.tsx Could not Fast Refresh (new export)
10:20:12 AM [vite] hmr update /src/pages/ReportBuilder.tsx, /src/components/report/WidgetRenderer.tsx
10:20:15 AM [vite] hmr invalidate /src/components/report/WidgetRenderer.tsx Could not Fast Refresh ("SKIN_OPTIONS" export is incompatible). Learn more at https://github.com/vitejs/vite-plugin-react/tree/main/packages/plugin-react#consistent-components-exports
10:20:15 AM [vite] hmr update /src/pages/ReportBuilder.tsx, /src/components/report/SuggestionsPane.tsx
10:20:33 AM [vite] hmr update /src/components/report/TruncationNote.tsx
10:20:33 AM [vite] hmr invalidate /src/components/report/TruncationNote.tsx Could not Fast Refresh ("SHOW_MORE_STEPS" export is incompatible). Learn more at https://github.com/vitejs/vite-plugin-react/tree/main/packages/plugin-react#consistent-components-exports
10:20:33 AM [vite] hmr update /src/pages/ReportBuilder.tsx, /src/components/report/WidgetRenderer.tsx
10:20:35 AM [vite] hmr invalidate /src/components/report/WidgetRenderer.tsx Could not Fast Refresh ("SKIN_OPTIONS" export is incompatible). Learn more at https://github.com/vitejs/vite-plugin-react/tree/main/packages/plugin-react#consistent-components-exports
10:20:35 AM [vite] hmr update /src/pages/ReportBuilder.tsx, /src/components/report/SuggestionsPane.tsx
10:31:09 AM [vite] hmr update /src/components/report/chartRenderers/ScatterChartRenderer.tsx
10:31:25 AM [vite] hmr update /src/components/report/MeasuredChart.tsx
10:31:25 AM [vite] hmr invalidate /src/components/report/MeasuredChart.tsx Could not Fast Refresh (new export)
10:31:25 AM [vite] hmr update /src/components/report/chartRenderers/AnimatedRenderer.tsx, /src/components/report/chartRenderers/LatticeRenderer.tsx, /src/components/report/WidgetBody.tsx
10:31:26 AM [vite] hmr invalidate /src/components/report/chartRenderers/AnimatedRenderer.tsx Could not Fast Refresh ("ANIMATION_WIDGETS" export is incompatible). Learn more at https://github.com/vitejs/vite-plugin-react/tree/main/packages/plugin-react#consistent-components-exports
10:31:26 AM [vite] hmr update /src/components/report/WidgetConfigPanel.tsx, /src/components/report/WidgetBody.tsx
10:31:26 AM [vite] hmr invalidate /src/components/report/chartRenderers/LatticeRenderer.tsx Could not Fast Refresh ("LATTICE_WIDGETS" export is incompatible). Learn more at https://github.com/vitejs/vite-plugin-react/tree/main/packages/plugin-react#consistent-components-exports
10:31:26 AM [vite] hmr update /src/components/report/WidgetConfigPanel.tsx, /src/components/report/WidgetBody.tsx
10:31:26 AM [vite] hmr invalidate /src/components/report/WidgetBody.tsx Could not Fast Refresh ("fitFigureSize" export is incompatible). Learn more at https://github.com/vitejs/vite-plugin-react/tree/main/packages/plugin-react#consistent-components-exports
10:31:26 AM [vite] hmr update /src/components/report/WidgetRenderer.tsx
10:31:26 AM [vite] hmr invalidate /src/components/report/WidgetRenderer.tsx Could not Fast Refresh ("SKIN_OPTIONS" export is incompatible). Learn more at https://github.com/vitejs/vite-plugin-react/tree/main/packages/plugin-react#consistent-components-exports
10:31:26 AM [vite] hmr update /src/pages/ReportBuilder.tsx, /src/components/report/SuggestionsPane.tsx
10:31:28 AM [vite] hmr invalidate /src/components/report/SuggestionsPane.tsx Could not Fast Refresh ("suggestWidgets" export is incompatible). Learn more at https://github.com/vitejs/vite-plugin-react/tree/main/packages/plugin-react#consistent-components-exports
10:31:28 AM [vite] hmr update /src/pages/ReportBuilder.tsx
10:32:24 AM [vite] hmr update /src/components/report/chartRenderers/LineChartRenderer.tsx
10:35:43 AM [vite] hmr update /src/components/report/WidgetConfigPanel.tsx
10:35:54 AM [vite] hmr update /src/components/report/WidgetConfigPanel.tsx
10:36:53 AM [vite] hmr update /src/pages/ReportBuilder.tsx
8:41:41 AM [vite] hmr update /src/index.css
8:41:41 AM [vite] hmr update /src/App.tsx
8:41:41 AM [vite] hmr update /src/components/chat/ChatPane.tsx
8:41:41 AM [vite] hmr update /src/components/Layout.tsx, /src/components/TopBar.tsx
8:41:41 AM [vite] hmr update /src/components/dataset/PredictionModelsPanel.tsx
8:41:41 AM [vite] hmr update /src/components/report/WidgetBody.tsx
8:41:41 AM [vite] hmr update /src/components/report/CustomVisual.tsx
8:41:41 AM [vite] hmr update /src/components/report/chartRenderers/GeoChoroplethRenderer.tsx
8:41:41 AM [vite] hmr update /src/App.tsx, /src/components/Layout.tsx, /src/pages/Login.tsx, /src/pages/NotFound.tsx, /src/pages/Dashboard.tsx, /src/pages/Upload.tsx, /src/pages/Reports.tsx, /src/components/TopBar.tsx, /src/components/CommandPalette.tsx, /src/components/LanguageSwitcher.tsx, /src/components/ui/BulkBar.tsx, /src/components/NotificationsBell.tsx, /src/pages/Home.tsx, /src/pages/ReportBuilder.tsx, /src/components/report/HierarchyTree.tsx, /src/components/report/FilterBar.tsx, /src/components/report/CalcColumnsPanel.tsx, /src/components/report/PagePropertiesPanel.tsx, /src/components/report/StatusBar.tsx, /src/components/report/ChartGallery.tsx, /src/components/report/SubscribeButton.tsx, /src/components/report/CustomFunctionsPanel.tsx, /src/components/report/ExpandableGroup.tsx, /src/pages/Connections.tsx, /src/components/dataset/PredictionModelsPanel.tsx, /src/components/dataset/AlertsPanel.tsx, /src/components/StatisticsPanel.tsx, /src/components/NotebookSnippet.tsx, /src/components/DatasetSensitivity.tsx, /src/pages/AskAI.tsx, /src/components/auth/BrandIllustration.tsx, /src/pages/Lineage.tsx, /src/pages/InsightsHub.tsx, /src/pages/monitoring/MonitoringJobs.tsx, /src/pages/monitoring/MonitoringDeliveries.tsx, /src/pages/monitoring/MonitoringActivity.tsx, /src/pages/admin/AdminUsers.tsx, /src/pages/admin/AdminRoles.tsx, /src/pages/admin/AdminOrgUnits.tsx, /src/pages/admin/AdminRowSecurityRules.tsx, /src/pages/admin/AdminColumnSecurityRules.tsx, /src/pages/admin/AdminExportPolicy.tsx, /src/pages/admin/ApiKeys.tsx, /src/pages/admin/AdminCustomConnectors.tsx, /src/pages/admin/AdminSso.tsx, /src/pages/admin/AdminMaps.tsx, /src/pages/admin/AdminAudit.tsx, /src/pages/admin/PlatformOrgs.tsx, /src/components/chat/AddToDashboard.tsx, /src/components/chat/Composer.tsx, /src/components/chat/Pending.tsx, /src/pages/ask/HistoryPanel.tsx, /src/pages/ask/DataPicker.tsx, /src/components/report/CopilotChat.tsx, /src/components/report/ReleaseControl.tsx, /src/components/chat/ChatPane.tsx, /src/components/chat/ResultView.tsx, /src/components/chat/AnswerText.tsx, /src/pages/connections/SchemaBrowser.tsx, /src/components/jobs/ImportQueue.tsx, /src/components/jobs/ImportJobRow.tsx, /src/pages/DatasetDetail.tsx
8:41:41 AM [vite] hmr update /src/components/report/ModelSettings.tsx
8:41:41 AM [vite] hmr update /src/components/ui/LoadError.tsx, /src/pages/connections/ConnectionModal.tsx, /src/components/review/SyncProgress.tsx, /src/contexts/AuthContext.tsx, /src/pages/Login.tsx, /src/pages/Dashboard.tsx, /src/pages/Upload.tsx, /src/pages/Reports.tsx, /src/components/CommandPalette.tsx, /src/components/dataset/SuggestDashboardsDialog.tsx, /src/pages/reports/listParts.tsx, /src/components/NotificationsBell.tsx, /src/pages/Home.tsx, /src/pages/ReportBuilder.tsx, /src/components/report/HierarchyTree.tsx, /src/components/report/DataView.tsx, /src/components/report/GeoMatchCheck.tsx, /src/components/report/CalcColumnsPanel.tsx, /src/components/report/PagePropertiesPanel.tsx, /src/components/report/ColumnFormatsPanel.tsx, /src/components/report/WidgetRenderer.tsx, /src/components/report/TranslationsPane.tsx, /src/components/report/SuggestionsPane.tsx, /src/components/report/CommentsPane.tsx, /src/components/report/VersionHistoryPane.tsx, /src/components/report/CopilotChat.tsx, /src/components/report/InsightsPane.tsx, /src/components/report/AccessDialog.tsx, /src/components/report/SubscribeButton.tsx, /src/pages/reportBuilder/PageTemplateMenu.tsx, /src/components/report/ShareLinksDialog.tsx, /src/components/report/ModelView.tsx, /src/components/report/ExplainDialog.tsx, /src/pages/reportBuilder/BookmarksConnected.tsx, /src/components/report/ViewerKit.tsx, /src/components/report/OutlierDetailsDialog.tsx, /src/pages/reportBuilder/SchedulePanel.tsx, /src/components/report/ReviewPane.tsx, /src/components/report/DataViewsBar.tsx, /src/components/report/CustomFunctionsPanel.tsx, /src/components/report/PrepStepsPanel.tsx, /src/components/report/chartRenderers/GeoChoroplethRenderer.tsx, /src/components/report/chartRenderers/GeoLayerStackRenderer.tsx, /src/components/report/calcColumns/BuilderModal.tsx, /src/components/report/BookmarksPane.tsx, /src/components/chat/DashboardProposals.tsx, /src/components/report/BoundarySetPicker.tsx, /src/components/report/MapLayersEditor.tsx, /src/components/report/ModelSettings.tsx, /src/components/report/WidgetConfigPanel.tsx, /src/components/report/chartRenderers/GeoContourRenderer.tsx, /src/components/report/geo/MapFrame.tsx, /src/components/report/chartRenderers/GeoPointMapRenderer.tsx, /src/components/report/chartRenderers/GeoLineClusterRenderer.tsx, /src/components/report/chartRenderers/GeoPieLayerRenderer.tsx, /src/components/report/chartRenderers/GeoNetworkRenderer.tsx, /src/pages/admin/AdminMaps.tsx, /src/components/report/prepPipeline/JoinMatchNote.tsx, /src/pages/Connections.tsx, /src/components/QueryBuilderDialog.tsx, /src/pages/SourceReview.tsx, /src/components/review/GlossaryPanel.tsx, /src/components/review/SuggestFromSourceDialog.tsx, /src/components/dataset/PredictionModelsPanel.tsx, /src/components/dataset/AggregatesPanel.tsx, /src/components/dataset/ColumnMeaningPanel.tsx, /src/components/dataset/AlertsPanel.tsx, /src/components/StatisticsPanel.tsx, /src/components/NotebookSnippet.tsx, /src/components/DatasetSensitivity.tsx, /src/components/report/CustomCategoryPanel.tsx, /src/components/report/MeasuresPanel.tsx, /src/components/DatasetShareDialog.tsx, /src/components/report/PrepPipelinePanel.tsx, /src/components/insights/FindingChart.tsx, /src/pages/AskAI.tsx, /src/pages/connections/CombineDialog.tsx, /src/components/dataset/DataQualityPanel.tsx, /src/components/report/prepPipeline/StepEditor.tsx, /src/pages/Lineage.tsx, /src/pages/InsightsHub.tsx, /src/pages/monitoring/MonitoringJobs.tsx, /src/pages/monitoring/MonitoringDeliveries.tsx, /src/pages/monitoring/MonitoringActivity.tsx, /src/pages/admin/AdminUsers.tsx, /src/pages/admin/AdminRoles.tsx, /src/pages/admin/AdminOrgUnits.tsx, /src/pages/admin/AdminRowSecurityRules.tsx, /src/pages/admin/AdminColumnSecurityRules.tsx, /src/pages/admin/AdminExportPolicy.tsx, /src/pages/admin/ApiKeys.tsx, /src/pages/admin/AdminCustomConnectors.tsx, /src/pages/admin/AdminSso.tsx, /src/pages/admin/AdminAudit.tsx, /src/pages/admin/PlatformOrgs.tsx, /src/components/chat/AddToDashboard.tsx, /src/components/report/ReleaseControl.tsx, /src/components/chat/ChatPane.tsx, /src/pages/connections/SchemaBrowser.tsx, /src/components/jobs/ImportQueue.tsx, /src/pages/DatasetDetail.tsx, /src/components/jobs/ImportJobRow.tsx, /src/pages/admin/ConnectionRowPolicies.tsx
8:41:41 AM [vite] hmr update /src/pages/ReportBuilder.tsx
8:41:41 AM [vite] hmr update /src/components/report/ChartGallery.tsx
8:41:41 AM [vite] hmr update /src/components/report/WidgetConfigPanel.tsx
8:41:41 AM [vite] hmr update /src/pages/DatasetDetail.tsx
8:41:41 AM [vite] hmr update /src/components/report/PrepPipelinePanel.tsx
8:41:41 AM [vite] hmr update /src/components/report/CopilotChat.tsx
8:41:41 AM [vite] hmr update /src/components/report/WidgetConfigPanel.tsx
8:41:41 AM [vite] hmr update /src/components/report/WidgetRenderer.tsx
8:41:41 AM [vite] hmr update /src/App.tsx, /src/components/Layout.tsx, /src/pages/Login.tsx, /src/pages/NotFound.tsx, /src/pages/Dashboard.tsx, /src/pages/Upload.tsx, /src/pages/Reports.tsx, /src/components/TopBar.tsx, /src/components/CommandPalette.tsx, /src/components/LanguageSwitcher.tsx, /src/components/ui/BulkBar.tsx, /src/components/NotificationsBell.tsx, /src/pages/Home.tsx, /src/pages/ReportBuilder.tsx, /src/components/report/HierarchyTree.tsx, /src/components/report/FilterBar.tsx, /src/components/report/CalcColumnsPanel.tsx, /src/components/report/PagePropertiesPanel.tsx, /src/components/report/StatusBar.tsx, /src/components/report/ChartGallery.tsx, /src/components/report/SubscribeButton.tsx, /src/components/report/CustomFunctionsPanel.tsx, /src/components/report/ExpandableGroup.tsx, /src/pages/Connections.tsx, /src/components/dataset/PredictionModelsPanel.tsx, /src/components/dataset/AlertsPanel.tsx, /src/components/StatisticsPanel.tsx, /src/components/NotebookSnippet.tsx, /src/components/DatasetSensitivity.tsx, /src/pages/AskAI.tsx, /src/components/auth/BrandIllustration.tsx, /src/pages/Lineage.tsx, /src/pages/InsightsHub.tsx, /src/pages/monitoring/MonitoringJobs.tsx, /src/pages/monitoring/MonitoringDeliveries.tsx, /src/pages/monitoring/MonitoringActivity.tsx, /src/pages/admin/AdminUsers.tsx, /src/pages/admin/AdminRoles.tsx, /src/pages/admin/AdminOrgUnits.tsx, /src/pages/admin/AdminRowSecurityRules.tsx, /src/pages/admin/AdminColumnSecurityRules.tsx, /src/pages/admin/AdminExportPolicy.tsx, /src/pages/admin/ApiKeys.tsx, /src/pages/admin/AdminCustomConnectors.tsx, /src/pages/admin/AdminSso.tsx, /src/pages/admin/AdminMaps.tsx, /src/pages/admin/AdminAudit.tsx, /src/pages/admin/PlatformOrgs.tsx, /src/components/chat/AddToDashboard.tsx, /src/components/chat/Composer.tsx, /src/components/chat/Pending.tsx, /src/pages/ask/HistoryPanel.tsx, /src/pages/ask/DataPicker.tsx, /src/components/report/CopilotChat.tsx, /src/components/report/ReleaseControl.tsx, /src/components/chat/ChatPane.tsx, /src/components/chat/ResultView.tsx, /src/components/chat/AnswerText.tsx, /src/pages/connections/SchemaBrowser.tsx, /src/components/jobs/ImportQueue.tsx, /src/components/jobs/ImportJobRow.tsx, /src/pages/DatasetDetail.tsx
8:41:41 AM [vite] hmr update /src/components/report/chartRenderers/GeoPointMapRenderer.tsx
8:41:41 AM [vite] hmr update /src/components/report/chartRenderers/index.tsx
8:41:41 AM [vite] hmr update /src/pages/Dashboard.tsx
8:41:41 AM [vite] hmr update /src/components/report/WidgetRenderer.tsx
8:41:41 AM [vite] hmr update /src/contexts/AuthContext.tsx, /src/pages/Login.tsx, /src/pages/Dashboard.tsx, /src/pages/Upload.tsx, /src/pages/Reports.tsx, /src/components/CommandPalette.tsx, /src/components/dataset/SuggestDashboardsDialog.tsx, /src/pages/reports/listParts.tsx, /src/components/NotificationsBell.tsx, /src/pages/Home.tsx, /src/pages/ReportBuilder.tsx, /src/components/report/HierarchyTree.tsx, /src/components/report/DataView.tsx, /src/components/report/GeoMatchCheck.tsx, /src/components/report/CalcColumnsPanel.tsx, /src/components/report/PagePropertiesPanel.tsx, /src/components/report/ColumnFormatsPanel.tsx, /src/components/report/WidgetRenderer.tsx, /src/components/report/TranslationsPane.tsx, /src/components/report/SuggestionsPane.tsx, /src/components/report/CommentsPane.tsx, /src/components/report/VersionHistoryPane.tsx, /src/components/report/CopilotChat.tsx, /src/components/report/InsightsPane.tsx, /src/components/report/AccessDialog.tsx, /src/components/report/SubscribeButton.tsx, /src/pages/reportBuilder/PageTemplateMenu.tsx, /src/components/report/ShareLinksDialog.tsx, /src/components/report/ModelView.tsx, /src/components/report/ExplainDialog.tsx, /src/pages/reportBuilder/BookmarksConnected.tsx, /src/components/report/ViewerKit.tsx, /src/components/report/OutlierDetailsDialog.tsx, /src/pages/reportBuilder/SchedulePanel.tsx, /src/components/report/ReviewPane.tsx, /src/components/report/DataViewsBar.tsx, /src/components/report/CustomFunctionsPanel.tsx, /src/components/report/PrepStepsPanel.tsx, /src/components/report/chartRenderers/GeoChoroplethRenderer.tsx, /src/components/report/chartRenderers/GeoLayerStackRenderer.tsx, /src/components/report/calcColumns/BuilderModal.tsx, /src/components/report/BookmarksPane.tsx, /src/components/chat/DashboardProposals.tsx, /src/components/report/BoundarySetPicker.tsx, /src/components/report/MapLayersEditor.tsx, /src/components/report/ModelSettings.tsx, /src/components/report/WidgetConfigPanel.tsx, /src/components/report/chartRenderers/GeoContourRenderer.tsx, /src/components/report/geo/MapFrame.tsx, /src/components/report/chartRenderers/GeoPointMapRenderer.tsx, /src/components/report/chartRenderers/GeoLineClusterRenderer.tsx, /src/components/report/chartRenderers/GeoPieLayerRenderer.tsx, /src/components/report/chartRenderers/GeoNetworkRenderer.tsx, /src/pages/admin/AdminMaps.tsx, /src/components/report/prepPipeline/JoinMatchNote.tsx, /src/pages/Connections.tsx, /src/pages/connections/ConnectionModal.tsx, /src/components/QueryBuilderDialog.tsx, /src/pages/SourceReview.tsx, /src/components/review/GlossaryPanel.tsx, /src/components/review/SuggestFromSourceDialog.tsx, /src/components/dataset/PredictionModelsPanel.tsx, /src/components/dataset/AggregatesPanel.tsx, /src/components/dataset/ColumnMeaningPanel.tsx, /src/components/dataset/AlertsPanel.tsx, /src/components/StatisticsPanel.tsx, /src/components/NotebookSnippet.tsx, /src/components/DatasetSensitivity.tsx, /src/components/report/CustomCategoryPanel.tsx, /src/components/report/MeasuresPanel.tsx, /src/components/DatasetShareDialog.tsx, /src/components/report/PrepPipelinePanel.tsx, /src/components/insights/FindingChart.tsx, /src/pages/AskAI.tsx, /src/pages/connections/CombineDialog.tsx, /src/components/dataset/DataQualityPanel.tsx, /src/components/report/prepPipeline/StepEditor.tsx, /src/pages/Lineage.tsx, /src/pages/InsightsHub.tsx, /src/pages/monitoring/MonitoringJobs.tsx, /src/pages/monitoring/MonitoringDeliveries.tsx, /src/pages/monitoring/MonitoringActivity.tsx, /src/pages/admin/AdminUsers.tsx, /src/pages/admin/AdminRoles.tsx, /src/pages/admin/AdminOrgUnits.tsx, /src/pages/admin/AdminRowSecurityRules.tsx, /src/pages/admin/AdminColumnSecurityRules.tsx, /src/pages/admin/AdminExportPolicy.tsx, /src/pages/admin/ApiKeys.tsx, /src/pages/admin/AdminCustomConnectors.tsx, /src/pages/admin/AdminSso.tsx, /src/pages/admin/AdminAudit.tsx, /src/pages/admin/PlatformOrgs.tsx, /src/components/chat/AddToDashboard.tsx, /src/components/report/ReleaseControl.tsx, /src/components/chat/ChatPane.tsx, /src/pages/connections/SchemaBrowser.tsx, /src/components/jobs/ImportQueue.tsx, /src/pages/DatasetDetail.tsx, /src/components/jobs/ImportJobRow.tsx, /src/pages/admin/ConnectionRowPolicies.tsx
8:41:41 AM [vite] hmr update /src/pages/admin/PlatformOrgs.tsx
8:41:41 AM [vite] hmr update /src/App.tsx, /src/components/Layout.tsx, /src/pages/Login.tsx, /src/pages/NotFound.tsx, /src/pages/Dashboard.tsx, /src/pages/Upload.tsx, /src/pages/Reports.tsx, /src/components/TopBar.tsx, /src/components/CommandPalette.tsx, /src/components/LanguageSwitcher.tsx, /src/components/ui/BulkBar.tsx, /src/components/NotificationsBell.tsx, /src/pages/Home.tsx, /src/pages/ReportBuilder.tsx, /src/components/report/HierarchyTree.tsx, /src/components/report/FilterBar.tsx, /src/components/report/CalcColumnsPanel.tsx, /src/components/report/PagePropertiesPanel.tsx, /src/components/report/StatusBar.tsx, /src/components/report/ChartGallery.tsx, /src/components/report/SubscribeButton.tsx, /src/components/report/CustomFunctionsPanel.tsx, /src/components/report/ExpandableGroup.tsx, /src/pages/Connections.tsx, /src/components/dataset/PredictionModelsPanel.tsx, /src/components/dataset/AlertsPanel.tsx, /src/components/StatisticsPanel.tsx, /src/components/NotebookSnippet.tsx, /src/components/DatasetSensitivity.tsx, /src/pages/AskAI.tsx, /src/components/auth/BrandIllustration.tsx, /src/pages/Lineage.tsx, /src/pages/InsightsHub.tsx, /src/pages/monitoring/MonitoringJobs.tsx, /src/pages/monitoring/MonitoringDeliveries.tsx, /src/pages/monitoring/MonitoringActivity.tsx, /src/pages/admin/AdminUsers.tsx, /src/pages/admin/AdminRoles.tsx, /src/pages/admin/AdminOrgUnits.tsx, /src/pages/admin/AdminRowSecurityRules.tsx, /src/pages/admin/AdminColumnSecurityRules.tsx, /src/pages/admin/AdminExportPolicy.tsx, /src/pages/admin/ApiKeys.tsx, /src/pages/admin/AdminCustomConnectors.tsx, /src/pages/admin/AdminSso.tsx, /src/pages/admin/AdminMaps.tsx, /src/pages/admin/AdminAudit.tsx, /src/pages/admin/PlatformOrgs.tsx, /src/components/chat/AddToDashboard.tsx, /src/components/chat/Composer.tsx, /src/components/chat/Pending.tsx, /src/pages/ask/HistoryPanel.tsx, /src/pages/ask/DataPicker.tsx, /src/components/report/CopilotChat.tsx, /src/components/report/ReleaseControl.tsx, /src/components/chat/ChatPane.tsx, /src/components/chat/ResultView.tsx, /src/components/chat/AnswerText.tsx, /src/pages/connections/SchemaBrowser.tsx, /src/components/jobs/ImportQueue.tsx, /src/components/jobs/ImportJobRow.tsx, /src/pages/DatasetDetail.tsx
8:41:41 AM [vite] hmr update /src/pages/monitoring/MonitoringJobs.tsx
8:41:43 AM [vite] hmr update /src/index.css
8:41:43 AM [vite] hmr update /src/App.tsx
8:41:43 AM [vite] hmr update /src/components/Layout.tsx, /src/components/TopBar.tsx
8:41:43 AM [vite] hmr update /src/App.tsx, /src/components/Layout.tsx, /src/pages/Login.tsx, /src/pages/NotFound.tsx, /src/pages/Dashboard.tsx, /src/pages/Upload.tsx, /src/pages/Reports.tsx, /src/components/TopBar.tsx, /src/components/CommandPalette.tsx, /src/components/LanguageSwitcher.tsx, /src/components/ui/BulkBar.tsx, /src/components/NotificationsBell.tsx, /src/pages/Home.tsx, /src/pages/ReportBuilder.tsx, /src/components/report/HierarchyTree.tsx, /src/components/report/FilterBar.tsx, /src/components/report/CalcColumnsPanel.tsx, /src/components/report/PagePropertiesPanel.tsx, /src/components/report/StatusBar.tsx, /src/components/report/ChartGallery.tsx, /src/components/report/SubscribeButton.tsx, /src/components/report/CustomFunctionsPanel.tsx, /src/components/report/ExpandableGroup.tsx, /src/pages/Connections.tsx, /src/components/dataset/PredictionModelsPanel.tsx, /src/components/dataset/AlertsPanel.tsx, /src/components/StatisticsPanel.tsx, /src/components/NotebookSnippet.tsx, /src/components/DatasetSensitivity.tsx, /src/pages/AskAI.tsx, /src/components/auth/BrandIllustration.tsx, /src/pages/Lineage.tsx, /src/pages/InsightsHub.tsx, /src/pages/monitoring/MonitoringJobs.tsx, /src/pages/monitoring/MonitoringDeliveries.tsx, /src/pages/monitoring/MonitoringActivity.tsx, /src/pages/admin/AdminUsers.tsx, /src/pages/admin/AdminRoles.tsx, /src/pages/admin/AdminOrgUnits.tsx, /src/pages/admin/AdminRowSecurityRules.tsx, /src/pages/admin/AdminColumnSecurityRules.tsx, /src/pages/admin/AdminExportPolicy.tsx, /src/pages/admin/ApiKeys.tsx, /src/pages/admin/AdminCustomConnectors.tsx, /src/pages/admin/AdminSso.tsx, /src/pages/admin/AdminMaps.tsx, /src/pages/admin/AdminAudit.tsx, /src/pages/admin/PlatformOrgs.tsx, /src/components/chat/AddToDashboard.tsx, /src/components/chat/Composer.tsx, /src/components/chat/Pending.tsx, /src/pages/ask/HistoryPanel.tsx, /src/pages/ask/DataPicker.tsx, /src/components/report/CopilotChat.tsx, /src/components/report/ReleaseControl.tsx, /src/components/chat/ChatPane.tsx, /src/components/chat/ResultView.tsx, /src/components/chat/AnswerText.tsx, /src/pages/connections/SchemaBrowser.tsx, /src/components/jobs/ImportQueue.tsx, /src/components/jobs/ImportJobRow.tsx, /src/pages/DatasetDetail.tsx
8:41:43 AM [vite] hmr update /src/pages/admin/AdminMaps.tsx
8:41:43 AM [vite] hmr update /src/App.tsx, /src/components/Layout.tsx, /src/pages/Login.tsx, /src/pages/NotFound.tsx, /src/pages/Dashboard.tsx, /src/pages/Upload.tsx, /src/pages/Reports.tsx, /src/components/TopBar.tsx, /src/components/CommandPalette.tsx, /src/components/LanguageSwitcher.tsx, /src/components/ui/BulkBar.tsx, /src/components/NotificationsBell.tsx, /src/pages/Home.tsx, /src/pages/ReportBuilder.tsx, /src/components/report/HierarchyTree.tsx, /src/components/report/FilterBar.tsx, /src/components/report/CalcColumnsPanel.tsx, /src/components/report/PagePropertiesPanel.tsx, /src/components/report/StatusBar.tsx, /src/components/report/ChartGallery.tsx, /src/components/report/SubscribeButton.tsx, /src/components/report/CustomFunctionsPanel.tsx, /src/components/report/ExpandableGroup.tsx, /src/pages/Connections.tsx, /src/components/dataset/PredictionModelsPanel.tsx, /src/components/dataset/AlertsPanel.tsx, /src/components/StatisticsPanel.tsx, /src/components/NotebookSnippet.tsx, /src/components/DatasetSensitivity.tsx, /src/pages/AskAI.tsx, /src/components/auth/BrandIllustration.tsx, /src/pages/Lineage.tsx, /src/pages/InsightsHub.tsx, /src/pages/monitoring/MonitoringJobs.tsx, /src/pages/monitoring/MonitoringDeliveries.tsx, /src/pages/monitoring/MonitoringActivity.tsx, /src/pages/admin/AdminUsers.tsx, /src/pages/admin/AdminRoles.tsx, /src/pages/admin/AdminOrgUnits.tsx, /src/pages/admin/AdminRowSecurityRules.tsx, /src/pages/admin/AdminColumnSecurityRules.tsx, /src/pages/admin/AdminExportPolicy.tsx, /src/pages/admin/ApiKeys.tsx, /src/pages/admin/AdminCustomConnectors.tsx, /src/pages/admin/AdminSso.tsx, /src/pages/admin/AdminMaps.tsx, /src/pages/admin/AdminAudit.tsx, /src/pages/admin/PlatformOrgs.tsx, /src/components/chat/AddToDashboard.tsx, /src/components/chat/Composer.tsx, /src/components/chat/Pending.tsx, /src/pages/ask/HistoryPanel.tsx, /src/pages/ask/DataPicker.tsx, /src/components/report/CopilotChat.tsx, /src/components/report/ReleaseControl.tsx, /src/components/chat/ChatPane.tsx, /src/components/chat/ResultView.tsx, /src/components/chat/AnswerText.tsx, /src/pages/connections/SchemaBrowser.tsx, /src/components/jobs/ImportQueue.tsx, /src/components/jobs/ImportJobRow.tsx, /src/pages/DatasetDetail.tsx
8:41:43 AM [vite] hmr update /src/contexts/AuthContext.tsx, /src/pages/Login.tsx, /src/pages/Dashboard.tsx, /src/pages/Upload.tsx, /src/pages/Reports.tsx, /src/components/CommandPalette.tsx, /src/components/dataset/SuggestDashboardsDialog.tsx, /src/pages/reports/listParts.tsx, /src/components/NotificationsBell.tsx, /src/pages/Home.tsx, /src/pages/ReportBuilder.tsx, /src/components/report/HierarchyTree.tsx, /src/components/report/DataView.tsx, /src/components/report/GeoMatchCheck.tsx, /src/components/report/CalcColumnsPanel.tsx, /src/components/report/PagePropertiesPanel.tsx, /src/components/report/ColumnFormatsPanel.tsx, /src/components/report/WidgetRenderer.tsx, /src/components/report/TranslationsPane.tsx, /src/components/report/SuggestionsPane.tsx, /src/components/report/CommentsPane.tsx, /src/components/report/VersionHistoryPane.tsx, /src/components/report/CopilotChat.tsx, /src/components/report/InsightsPane.tsx, /src/components/report/AccessDialog.tsx, /src/components/report/SubscribeButton.tsx, /src/pages/reportBuilder/PageTemplateMenu.tsx, /src/components/report/ShareLinksDialog.tsx, /src/components/report/ModelView.tsx, /src/components/report/ExplainDialog.tsx, /src/pages/reportBuilder/BookmarksConnected.tsx, /src/components/report/ViewerKit.tsx, /src/components/report/OutlierDetailsDialog.tsx, /src/pages/reportBuilder/SchedulePanel.tsx, /src/components/report/ReviewPane.tsx, /src/components/report/DataViewsBar.tsx, /src/components/report/CustomFunctionsPanel.tsx, /src/components/report/PrepStepsPanel.tsx, /src/components/report/chartRenderers/GeoChoroplethRenderer.tsx, /src/components/report/chartRenderers/GeoLayerStackRenderer.tsx, /src/components/report/calcColumns/BuilderModal.tsx, /src/components/report/BookmarksPane.tsx, /src/components/chat/DashboardProposals.tsx, /src/components/report/BoundarySetPicker.tsx, /src/components/report/MapLayersEditor.tsx, /src/components/report/ModelSettings.tsx, /src/components/report/WidgetConfigPanel.tsx, /src/components/report/chartRenderers/GeoContourRenderer.tsx, /src/components/report/geo/MapFrame.tsx, /src/components/report/chartRenderers/GeoPointMapRenderer.tsx, /src/components/report/chartRenderers/GeoLineClusterRenderer.tsx, /src/components/report/chartRenderers/GeoPieLayerRenderer.tsx, /src/components/report/chartRenderers/GeoNetworkRenderer.tsx, /src/pages/admin/AdminMaps.tsx, /src/components/report/prepPipeline/JoinMatchNote.tsx, /src/pages/Connections.tsx, /src/pages/connections/ConnectionModal.tsx, /src/components/QueryBuilderDialog.tsx, /src/pages/SourceReview.tsx, /src/components/review/GlossaryPanel.tsx, /src/components/review/SuggestFromSourceDialog.tsx, /src/components/dataset/PredictionModelsPanel.tsx, /src/components/dataset/AggregatesPanel.tsx, /src/components/dataset/ColumnMeaningPanel.tsx, /src/components/dataset/AlertsPanel.tsx, /src/components/StatisticsPanel.tsx, /src/components/NotebookSnippet.tsx, /src/components/DatasetSensitivity.tsx, /src/components/report/CustomCategoryPanel.tsx, /src/components/report/MeasuresPanel.tsx, /src/components/DatasetShareDialog.tsx, /src/components/report/PrepPipelinePanel.tsx, /src/components/insights/FindingChart.tsx, /src/pages/AskAI.tsx, /src/pages/connections/CombineDialog.tsx, /src/components/dataset/DataQualityPanel.tsx, /src/components/report/prepPipeline/StepEditor.tsx, /src/pages/Lineage.tsx, /src/pages/InsightsHub.tsx, /src/pages/monitoring/MonitoringJobs.tsx, /src/pages/monitoring/MonitoringDeliveries.tsx, /src/pages/monitoring/MonitoringActivity.tsx, /src/pages/admin/AdminUsers.tsx, /src/pages/admin/AdminRoles.tsx, /src/pages/admin/AdminOrgUnits.tsx, /src/pages/admin/AdminRowSecurityRules.tsx, /src/pages/admin/AdminColumnSecurityRules.tsx, /src/pages/admin/AdminExportPolicy.tsx, /src/pages/admin/ApiKeys.tsx, /src/pages/admin/AdminCustomConnectors.tsx, /src/pages/admin/AdminSso.tsx, /src/pages/admin/AdminAudit.tsx, /src/pages/admin/PlatformOrgs.tsx, /src/components/chat/AddToDashboard.tsx, /src/components/report/ReleaseControl.tsx, /src/components/chat/ChatPane.tsx, /src/pages/connections/SchemaBrowser.tsx, /src/components/jobs/ImportQueue.tsx, /src/pages/DatasetDetail.tsx, /src/components/jobs/ImportJobRow.tsx, /src/pages/admin/ConnectionRowPolicies.tsx
8:41:43 AM [vite] hmr update /src/App.tsx, /src/components/Layout.tsx, /src/pages/Login.tsx, /src/pages/NotFound.tsx, /src/pages/Dashboard.tsx, /src/pages/Upload.tsx, /src/pages/Reports.tsx, /src/components/TopBar.tsx, /src/components/CommandPalette.tsx, /src/components/LanguageSwitcher.tsx, /src/components/ui/BulkBar.tsx, /src/components/NotificationsBell.tsx, /src/pages/Home.tsx, /src/pages/ReportBuilder.tsx, /src/components/report/HierarchyTree.tsx, /src/components/report/FilterBar.tsx, /src/components/report/CalcColumnsPanel.tsx, /src/components/report/PagePropertiesPanel.tsx, /src/components/report/StatusBar.tsx, /src/components/report/ChartGallery.tsx, /src/components/report/SubscribeButton.tsx, /src/components/report/CustomFunctionsPanel.tsx, /src/components/report/ExpandableGroup.tsx, /src/pages/Connections.tsx, /src/components/dataset/PredictionModelsPanel.tsx, /src/components/dataset/AlertsPanel.tsx, /src/components/StatisticsPanel.tsx, /src/components/NotebookSnippet.tsx, /src/components/DatasetSensitivity.tsx, /src/pages/AskAI.tsx, /src/components/auth/BrandIllustration.tsx, /src/pages/Lineage.tsx, /src/pages/InsightsHub.tsx, /src/pages/monitoring/MonitoringJobs.tsx, /src/pages/monitoring/MonitoringDeliveries.tsx, /src/pages/monitoring/MonitoringActivity.tsx, /src/pages/admin/AdminUsers.tsx, /src/pages/admin/AdminRoles.tsx, /src/pages/admin/AdminOrgUnits.tsx, /src/pages/admin/AdminRowSecurityRules.tsx, /src/pages/admin/AdminColumnSecurityRules.tsx, /src/pages/admin/AdminExportPolicy.tsx, /src/pages/admin/ApiKeys.tsx, /src/pages/admin/AdminCustomConnectors.tsx, /src/pages/admin/AdminSso.tsx, /src/pages/admin/AdminMaps.tsx, /src/pages/admin/AdminAudit.tsx, /src/pages/admin/PlatformOrgs.tsx, /src/components/chat/AddToDashboard.tsx, /src/components/chat/Composer.tsx, /src/components/chat/Pending.tsx, /src/pages/ask/HistoryPanel.tsx, /src/pages/ask/DataPicker.tsx, /src/components/report/CopilotChat.tsx, /src/components/report/ReleaseControl.tsx, /src/components/chat/ChatPane.tsx, /src/components/chat/ResultView.tsx, /src/components/chat/AnswerText.tsx, /src/pages/connections/SchemaBrowser.tsx, /src/components/jobs/ImportQueue.tsx, /src/components/jobs/ImportJobRow.tsx, /src/pages/DatasetDetail.tsx
8:41:43 AM [vite] page reload public/sdk/example-bars.html
8:41:45 AM [vite] hmr invalidate /src/components/report/CustomVisual.tsx Could not Fast Refresh (new export)
8:41:45 AM [vite] hmr update /src/components/report/WidgetRenderer.tsx, /src/components/report/WidgetBody.tsx
8:41:50 AM [vite] hmr invalidate /src/components/report/chartRenderers/index.tsx Could not Fast Refresh ("CHART_RENDERERS" export is incompatible). Learn more at https://github.com/vitejs/vite-plugin-react/tree/main/packages/plugin-react#consistent-components-exports
8:41:50 AM [vite] hmr update /src/components/report/WidgetBody.tsx
8:41:50 AM [vite] hmr invalidate /src/pages/Dashboard.tsx Could not Fast Refresh (new export)
8:41:50 AM [vite] hmr update /src/App.tsx
8:41:50 AM [vite] hmr invalidate /src/components/chat/ChatPane.tsx Could not Fast Refresh ("answerSource" export is incompatible). Learn more at https://github.com/vitejs/vite-plugin-react/tree/main/packages/plugin-react#consistent-components-exports
8:41:50 AM [vite] hmr update /src/pages/ReportBuilder.tsx, /src/pages/AskAI.tsx
8:41:50 AM [vite] hmr invalidate /src/pages/Login.tsx Could not Fast Refresh ("signInErrorKey" export is incompatible). Learn more at https://github.com/vitejs/vite-plugin-react/tree/main/packages/plugin-react#consistent-components-exports
8:41:50 AM [vite] hmr update /src/App.tsx
8:41:50 AM [vite] hmr invalidate /src/pages/Upload.tsx Could not Fast Refresh ("batchBaseName" export is incompatible). Learn more at https://github.com/vitejs/vite-plugin-react/tree/main/packages/plugin-react#consistent-components-exports
8:41:50 AM [vite] hmr update /src/App.tsx
8:41:50 AM [vite] hmr invalidate /src/components/CommandPalette.tsx Could not Fast Refresh ("matchScore" export is incompatible). Learn more at https://github.com/vitejs/vite-plugin-react/tree/main/packages/plugin-react#consistent-components-exports
8:41:50 AM [vite] hmr update /src/components/Layout.tsx
8:41:50 AM [vite] hmr invalidate /src/pages/ask/DataPicker.tsx Could not Fast Refresh ("pushRecent" export is incompatible). Learn more at https://github.com/vitejs/vite-plugin-react/tree/main/packages/plugin-react#consistent-components-exports
8:41:50 AM [vite] hmr update /src/pages/AskAI.tsx
8:41:50 AM [vite] hmr invalidate /src/components/chat/ResultView.tsx Could not Fast Refresh ("autoChart" export is incompatible). Learn more at https://github.com/vitejs/vite-plugin-react/tree/main/packages/plugin-react#consistent-components-exports
8:41:50 AM [vite] hmr update /src/components/report/CopilotChat.tsx, /src/components/chat/ChatPane.tsx
8:41:50 AM [vite] hmr invalidate /src/components/chat/AnswerText.tsx Could not Fast Refresh ("describeClaim" export is incompatible). Learn more at https://github.com/vitejs/vite-plugin-react/tree/main/packages/plugin-react#consistent-components-exports
8:41:50 AM [vite] hmr update /src/components/chat/ChatPane.tsx, /src/components/report/CopilotChat.tsx
8:41:50 AM [vite] hmr invalidate /src/components/chat/ChatPane.tsx Could not Fast Refresh ("answerSource" export is incompatible). Learn more at https://github.com/vitejs/vite-plugin-react/tree/main/packages/plugin-react#consistent-components-exports
8:41:50 AM [vite] hmr update /src/pages/ReportBuilder.tsx, /src/pages/AskAI.tsx
8:41:50 AM [vite] hmr invalidate /src/contexts/AuthContext.tsx Could not Fast Refresh ("AuthContext" export is incompatible). Learn more at https://github.com/vitejs/vite-plugin-react/tree/main/packages/plugin-react#consistent-components-exports
8:41:50 AM [vite] hmr update /src/App.tsx, /src/components/RequireAdmin.tsx, /src/components/RequireSuperAdmin.tsx, /src/components/ProtectedRoute.tsx, /src/components/Layout.tsx, /src/pages/Login.tsx, /src/pages/Reports.tsx, /src/components/TopBar.tsx, /src/components/CommandPalette.tsx, /src/pages/ReportBuilder.tsx, /src/components/report/DataView.tsx, /src/pages/Connections.tsx, /src/pages/SourceReview.tsx, /src/pages/DatasetDetail.tsx
8:41:50 AM [vite] hmr invalidate /src/pages/Login.tsx Could not Fast Refresh ("signInErrorKey" export is incompatible). Learn more at https://github.com/vitejs/vite-plugin-react/tree/main/packages/plugin-react#consistent-components-exports
8:41:50 AM [vite] hmr update /src/App.tsx
8:41:50 AM [vite] hmr invalidate /src/components/CommandPalette.tsx Could not Fast Refresh ("matchScore" export is incompatible). Learn more at https://github.com/vitejs/vite-plugin-react/tree/main/packages/plugin-react#consistent-components-exports
8:41:50 AM [vite] hmr update /src/components/Layout.tsx
8:41:50 AM [vite] hmr invalidate /src/pages/reports/listParts.tsx Could not Fast Refresh ("loadCollapsed" export is incompatible). Learn more at https://github.com/vitejs/vite-plugin-react/tree/main/packages/plugin-react#consistent-components-exports
8:41:50 AM [vite] hmr update /src/pages/Reports.tsx
8:41:56 AM [vite] hmr invalidate /src/components/report/WidgetBody.tsx Could not Fast Refresh ("fitFigureSize" export is incompatible). Learn more at https://github.com/vitejs/vite-plugin-react/tree/main/packages/plugin-react#consistent-components-exports
8:41:56 AM [vite] hmr update /src/components/report/WidgetRenderer.tsx
8:41:56 AM [vite] hmr invalidate /src/components/report/ModelSettings.tsx Could not Fast Refresh ("modelOptsConfig" export is incompatible). Learn more at https://github.com/vitejs/vite-plugin-react/tree/main/packages/plugin-react#consistent-components-exports
8:41:56 AM [vite] hmr update /src/components/report/WidgetConfigPanel.tsx
8:41:56 AM [vite] hmr invalidate /src/components/report/WidgetRenderer.tsx Could not Fast Refresh ("SKIN_OPTIONS" export is incompatible). Learn more at https://github.com/vitejs/vite-plugin-react/tree/main/packages/plugin-react#consistent-components-exports
8:41:56 AM [vite] hmr update /src/pages/ReportBuilder.tsx, /src/components/report/SuggestionsPane.tsx
8:41:56 AM [vite] hmr invalidate /src/components/report/ChartGallery.tsx Could not Fast Refresh ("chartIcon" export is incompatible). Learn more at https://github.com/vitejs/vite-plugin-react/tree/main/packages/plugin-react#consistent-components-exports
8:41:56 AM [vite] hmr update /src/pages/ReportBuilder.tsx, /src/components/report/SuggestionsPane.tsx
8:41:56 AM [vite] hmr invalidate /src/components/report/GeoMatchCheck.tsx Could not Fast Refresh ("useGeoMatch" export is incompatible). Learn more at https://github.com/vitejs/vite-plugin-react/tree/main/packages/plugin-react#consistent-components-exports
8:41:56 AM [vite] hmr update /src/pages/ReportBuilder.tsx
8:41:56 AM [vite] hmr invalidate /src/components/report/SuggestionsPane.tsx Could not Fast Refresh ("suggestWidgets" export is incompatible). Learn more at https://github.com/vitejs/vite-plugin-react/tree/main/packages/plugin-react#consistent-components-exports
8:41:56 AM [vite] hmr update /src/pages/ReportBuilder.tsx
8:41:56 AM [vite] hmr invalidate /src/components/report/ViewerKit.tsx Could not Fast Refresh ("VIEW_AS_FAMILY" export is incompatible). Learn more at https://github.com/vitejs/vite-plugin-react/tree/main/packages/plugin-react#consistent-components-exports
8:41:56 AM [vite] hmr update /src/pages/ReportBuilder.tsx, /src/components/report/WidgetRenderer.tsx
8:41:56 AM [vite] hmr invalidate /src/components/report/ReviewPane.tsx Could not Fast Refresh ("reviewReport" export is incompatible). Learn more at https://github.com/vitejs/vite-plugin-react/tree/main/packages/plugin-react#consistent-components-exports
8:41:56 AM [vite] hmr update /src/pages/ReportBuilder.tsx
8:41:56 AM [vite] hmr invalidate /src/components/report/PrepStepsPanel.tsx Could not Fast Refresh ("describeStep" export is incompatible). Learn more at https://github.com/vitejs/vite-plugin-react/tree/main/packages/plugin-react#consistent-components-exports
8:41:56 AM [vite] hmr update /src/components/report/DataView.tsx
8:41:56 AM [vite] hmr invalidate /src/components/report/geo/MapFrame.tsx Could not Fast Refresh ("MAP_WRAP_STYLE" export is incompatible). Learn more at https://github.com/vitejs/vite-plugin-react/tree/main/packages/plugin-react#consistent-components-exports
8:41:56 AM [vite] hmr update /src/components/report/chartRenderers/GeoContourRenderer.tsx, /src/components/report/chartRenderers/GeoPointMapRenderer.tsx, /src/components/report/chartRenderers/GeoChoroplethRenderer.tsx, /src/components/report/chartRenderers/GeoLineClusterRenderer.tsx, /src/components/report/chartRenderers/GeoPieLayerRenderer.tsx, /src/components/report/chartRenderers/GeoLayerStackRenderer.tsx, /src/components/report/chartRenderers/GeoNetworkRenderer.tsx
8:41:56 AM [vite] hmr invalidate /src/components/report/WidgetRenderer.tsx Could not Fast Refresh ("SKIN_OPTIONS" export is incompatible). Learn more at https://github.com/vitejs/vite-plugin-react/tree/main/packages/plugin-react#consistent-components-exports
8:41:56 AM [vite] hmr update /src/pages/ReportBuilder.tsx, /src/components/report/SuggestionsPane.tsx
8:41:56 AM [vite] hmr invalidate /src/components/report/SuggestionsPane.tsx Could not Fast Refresh ("suggestWidgets" export is incompatible). Learn more at https://github.com/vitejs/vite-plugin-react/tree/main/packages/plugin-react#consistent-components-exports
8:41:56 AM [vite] hmr update /src/pages/ReportBuilder.tsx
8:41:56 AM [vite] hmr invalidate /src/components/report/WidgetBody.tsx Could not Fast Refresh ("fitFigureSize" export is incompatible). Learn more at https://github.com/vitejs/vite-plugin-react/tree/main/packages/plugin-react#consistent-components-exports
8:41:56 AM [vite] hmr update /src/components/report/WidgetRenderer.tsx
8:41:57 AM [vite] hmr invalidate /src/components/report/WidgetRenderer.tsx Could not Fast Refresh ("SKIN_OPTIONS" export is incompatible). Learn more at https://github.com/vitejs/vite-plugin-react/tree/main/packages/plugin-react#consistent-components-exports
8:41:57 AM [vite] hmr update /src/pages/ReportBuilder.tsx, /src/components/report/SuggestionsPane.tsx
8:41:57 AM [vite] hmr invalidate /src/components/report/SuggestionsPane.tsx Could not Fast Refresh ("suggestWidgets" export is incompatible). Learn more at https://github.com/vitejs/vite-plugin-react/tree/main/packages/plugin-react#consistent-components-exports
8:41:57 AM [vite] hmr update /src/pages/ReportBuilder.tsx
^C